✔ unpublished FF7 arenas stay absent; V3 arena output is unchanged (104.6188ms)
✔ arena availability follows version faction, not a shared NieR character suffix (29.2963ms)
✔ arena availability accepts explicit collaboration without changing a character identity (32.6697ms)
✔ Cloud alone unlocks both arenas with exact FF7 metadata and filtered affinities (29.0114ms)
✔ any published FF7 character unlocks both arenas without requiring Cloud or a home affinity (25.2944ms)
✔ home bonuses stay specific to the seven requested characters, not the whole FF7 set (11.1271ms)
✔ both arenas are playable and restorable with bounded, version-independent bonuses (49.9449ms)
✔ supplemental JSON rejects malformed metadata, paths, affinities and colliding IDs (139.3906ms)
✔ supplemental bonus bounds reject overflow, negatives and non-integers without clamping (87.0806ms)
✔ only the current approved V4 references, without legacy art or provenance paths (33.0891ms)
✔ Voloden requires V4 approval and retains his V3 role, sentry and death face (17.9978ms)
✔ printed V4 fields override V3 metadata and support faces remain valid (18.5879ms)
✔ safe crop matches the approved PNG dimensions, rejects historical sizes (36.9847ms)
✔ default and preset decks use only owned V4 cards and cover P1-P5 twice (13.5685ms)
✔ a deck accepts only one card per character across copies and variants (13.9206ms)
✔ publication appended with its new ID and correct URLs, no legacy fallbacks (54.5092ms)
✔ seed is additive and idempotent, Paris gets new originals, Tokyo stays empty (30.3367ms)
✔ printed support abilities are retained or explicitly rejected by V3 role constraints (21.986ms)
✔ V4 storage and deck envelopes reject V3 without touching its keys (23.8527ms)
✔ active match restores unchanged after new catalogue publication (28.9505ms)
✔ unchanged V3 mechanics: deterministic full games agree after identity normalization (69.1268ms)
✔ release contains all published cards and only playable files (125.9191ms)
✔ build paths cannot escape the generated directory (0.3521ms)
✔ Astralia atlas is published as lightweight media, not an authoring source (86.1399ms)
✔ Collection atlas is continuous and does not replace reading surfaces (2.7193ms)
✔ static release versions stylesheet and script URLs together (0.3973ms)
✔ application version matches in desktop and phone headers (1.48ms)
✔ hosting adapter supports local, project Pages and saved canonical image paths (1.8676ms)
✔ PWA opens the game inside its project-page scope with install icons (120.3102ms)
✔ collaboration follows the version metadata, never the shared character suffix (1.9601ms)
✔ faction media is V4-local while legacy assets retain their routes (0.3806ms)
✔ universe choices expose Replicant only when its versions exist (0.3271ms)
✔ collection groups Kalistar, Final Fantasy and NieR while retaining faction filters (12.0509ms)
✔ statistics filter versions before aggregating a shared character and retain independent totals (0.7883ms)
✔ deck builder keeps shared-character exclusion and separate faction synergies (30.2899ms)
✔ browser boot loads collaboration metadata before all three consumers (0.4984ms)
✔ Metal Gear episodes have independent factions and V4 banner routes (1.8012ms)
✔ Snake versions exclude each other; faction bonus never crosses episodes (29.2583ms)
✔ Metal Gear is visible in the collection without changing shared character identity (12.026ms)
✔ One Piece has one collaboration, eleven versions and ten characters (4.5609ms)
✔ binder renders one One Piece collection choice and retains one faction option (27.3786ms)
✔ new faction and race routes are local; existing SKULLZ and CERELF routes stay shared (0.4312ms)
✔ all nine RE factions retain their identities and local asset routes (9.1188ms)
✔ one Resident Evil collection choice counts fixture versions dynamically (14.6304ms)
PASS: honours, ties, positive-only thresholds, completed/full history, aggregates, one-decimal averages, filters, ordering and safe Excel CSV.
✔ V4\site\statistics.test.cjs (138.6046ms)
ℹ tests 45
ℹ suites 0
ℹ pass 45
ℹ fail 0
ℹ cancelled 0
ℹ skipped 0
ℹ todo 0
ℹ duration_ms 658.0592
