✔ 22 approved versions, 19 identities, role limits and existing effects only (7.4352ms)
✔ Three playable decks cover all versions, correct variant identity and five roles (53.545ms)
✔ Every printed ATK face drives actual combat or its existing support category (131.9244ms)
✔ Every printed DEF face, barrier and dodge survives save/restore (90.0961ms)
✔ 36 full ABBA matches, three decks, both camps and repeated restoration (492.7101ms)
✔ Published native cards, exact selected artwork, no rejected character installed (263.1546ms)
✔ Four additive race assets and the FF9 collection route (2.8847ms)
✔ 25 personalities preserve identity, art, role, positions and all legal face intervals (14.051ms)
✔ All 150 RE ATK faces apply the printed number or native support/death effect (202.1676ms)
✔ All 150 RE DEF faces, barriers, dodges and retries resolve and restore (107.4858ms)
✔ 50 complete ABBA matches cover every RE profile in both camps (756.0922ms)
✔ Published RE profiles and images match native proofs with original art intact (100.3234ms)
ℹ tests 12
ℹ suites 0
ℹ pass 12
ℹ fail 0
ℹ cancelled 0
ℹ skipped 0
ℹ todo 0
ℹ duration_ms 1296.0195
