✔ bearer thumbnail occupies the lower-left illustration corner without covering the bonus (0.9448ms)
✔ bearer names use the full right-hand band centered under its text panels (3.0409ms)
✔ inspection anchors to drawn card through letterboxing, late crop and live resize (2.0656ms)
✔ normal proportional card geometry is unchanged and deck inspection has no active bonus plate (0.8314ms)
✔ closing, replacing, clearing and navigation disconnect inspection observers and listeners (0.9628ms)
✔ each weapon uses its own painted ring and keeps that skin in enlarged inspection (2.7397ms)
✔ native weapon assets retain approved sources, optical anchor and extracted copper (28.4434ms)
✔ Pages includes the complete equipment chain and excludes its authoring proofs (82.722ms)
✔ unique weapon art fits the native interior and is included without its source PNGs (66.1292ms)
✔ legacy equipment snapshots keep their original art and reject unknown replacement assets (8.1216ms)
✔ stable identity, character/job/family restrictions, one weapon and schema limits (0.2949ms)
✔ generic slot mutation replaces and transfers atomically, with a stale-confirmation guard (0.3236ms)
✔ axe inactive with allies, active as last board combatant despite reserves; base matrix unchanged (5.5041ms)
✔ opponent equipment works with identical side-independent rules (1.9179ms)
✔ flute luck grants +30 DEF once, survives reload/reroll, expires at duel end (4.8922ms)
✔ flute luck refresh cannot recharge or stack (1.8328ms)
✔ flute mana grants +30 DEF once, survives reload/reroll, expires at duel end (2.9278ms)
✔ flute mana refresh cannot recharge or stack (1.5097ms)
✔ one-duel flute expires on attacking, support, dodge and Mort; special faces never become numeric (6.6924ms)
✔ snapshot decoupled from profile, rejected corrupt states and unchanged legacy games (6.3154ms)
✔ complete equipped matches remain valid at every step, including restored turns and match end (1043.3062ms)
ℹ tests 21
ℹ suites 0
ℹ pass 21
ℹ fail 0
ℹ cancelled 0
ℹ skipped 0
ℹ todo 0
ℹ duration_ms 1370.8903
