✔ three-slot defaults are snapshotted once without borrowing other characters or objects (20.2168ms)
✔ legacy flat loadouts migrate by actual category while retaining formation and captain (1.2877ms)
✔ profile migration rejects corrupt versions and extra legacy slots without changing the source (0.8413ms)
✔ weapon, protection and relic coexist; clicked removal cannot erase another slot (0.9533ms)
✔ transfers and replacements are scoped to the clicked category, with one wearer per item (1.0216ms)
✔ stale confirmations reject both target-slot changes and unrelated composition changes (0.5852ms)
✔ stable character and Job compatibility remain enforced rather than display-name matching (0.681ms)
✔ card edits prune every departed character slot, but reject corrupt equipment before editing (1.041ms)
✔ schema 1 and schema 2 flat imports migrate durably; exports remain schema 2 (2.6289ms)
✔ schema 2 saves, duplication and returned drafts never share equipment maps (2.2338ms)
✔ a match retains its three-slot equipment snapshot after profile and deck edits (12.6461ms)
✔ three-slot detail uses native asymmetrical glyphs, letterboxing and one shared radar epoch (5.4445ms)
✔ default inspection still omits inactive equipment and preserves legacy single-definition position (0.6715ms)
✔ arena inspection keeps inactive weapon and protection, enlarges only their circles and never shows their plates (0.8821ms)
✔ new detail cleanup cancels all three overlays and artwork is the real medallion cutout (5.5495ms)
✔ retained D6 radar shares delay without losing its center during impact and reduced motion remains quiet (1.9569ms)
✔ 4.6 definitions, legacy definitions and three independent stable-identity slots (53.0072ms)
✔ 4.6 catalogue restrictions expose unavailable arms rather than grant an incompatible bonus (2.2181ms)
✔ every compatible weapon applies only on retained numeric D6, with unchanged base matchup (702.1511ms)
✔ every compatible shield applies only on retained numeric D6, with unchanged base matchup (471.4528ms)
✔ discarded Kalistel D6 has no equipment effect; retained and mandatory second D6 do (15.7998ms)
✔ magic ATK6 and barrier DEF6 coexist with their direct equipment arithmetic (4.2556ms)
✔ protection contribution remains captured when its wearer dies; ordinary non-D6 Block has none (9.7697ms)
✔ luck recomputes protection 6 -> 5 and restores both attempted formulas (6.862ms)
✔ luck recomputes protection 5 -> 6 and restores both attempted formulas (6.8828ms)
✔ DEF retry replaces an active protection with the final result without leaving a stale bonus (4.481ms)
✔ all native special D6 faces remain special, never numeric equipment or automatic Block (34.6788ms)
✔ relic support + protection adds only strongest relic, expires gift, keeps separate direct bonus (5.2001ms)
✔ forged direct contribution, die, source, relic contribution and failed-attempt totals are rejected (11.1504ms)
✔ modern snapshot freezes all three slots; legacy match snapshot and old axe trigger stay unchanged (9.6919ms)
✔ initiative and ABBA timeline are identical before any equipment use (2.3814ms)
✔ every one-shot relic trigger still grants, survives reload and attacking, consumes once on defense (510.1212ms)
✔ complete three-slot ABBA matches preserve numeric effects and state through repeated restores (1134.3784ms)
✔ public AI values a D6 weapon at one sixth of its bonus, not as a permanent +30 (2.8167ms)
✔ several actual relic grants choose strongest once, add direct protection, then consume every charge (8.9482ms)
✔ Death versus numeric DEF6 does not activate a protection or generate a numeric formula (4.2285ms)
✔ replacing a weapon preserves protection/relic and does not mutate the original profile (1.1608ms)
✔ same-valued DEF faces cannot forge a D6 protection when the recorded die was D5 (4.9796ms)
✔ failed luck attempt cannot borrow the D6 of its later successful reroll (4.7531ms)
✔ legacy unsuitable special shield requests a new DEF die, never zero or a D6 protection bonus (9.5793ms)
✔ failed numeric defense saved by Reraise still reports a used protection, not a Block (3.8238ms)
ℹ tests 41
ℹ suites 0
ℹ pass 41
ℹ fail 0
ℹ cancelled 0
ℹ skipped 0
ℹ todo 0
ℹ duration_ms 3171.0879
