✔ 4.6 has three independent slots, with compatible bearers and unchanged base families (58.6144ms)
✔ archived 4.5.64 shield: first defense only, numeric total and matrix preserved, side 0 (21.3187ms)
✔ archived 4.5.64 shield: first defense only, numeric total and matrix preserved, side 1 (7.947ms)
✔ archived 4.5.64: targeted support and attacking do not spend the first defense (4.641ms)
✔ archived 4.5.64: shield special face dodge has no invented numeric bonus (4.1585ms)
✔ archived 4.5.64: shield special face retry has no invented numeric bonus (5.2409ms)
✔ archived 4.5.64 Pod: successful Block, charge survives attack/reload, next defense consumes it once, side 0 (7.8846ms)
✔ archived 4.5.64 Pod: successful Block, charge survives attack/reload, next defense consumes it once, side 1 (6.6345ms)
✔ archived 4.5.64: Pod never activates from a support, death or Reraise (12.965ms)
✔ archived 4.5.64: snapshot and charge roundtrip; malformed charge history rejected (9.707ms)
✔ archived 4.5.64: complete matches preserve native faces and reload each step in both categories (1555.3825ms)
✔ equipment media is independently hashed, transparent and natively anchored (91.8511ms)
✔ archived 4.5.64: 31 additions keep identities, restrictions and bounded state effects (58.456ms)
✔ archived 4.5.64: white-oath-rapier: inactive, active, real formula, log and reload on either side (19.1673ms)
✔ archived 4.5.64: brotherhood: inactive, active, real formula, log and reload on either side (6.923ms)
✔ archived 4.5.64: virtuous-contract: inactive, active, real formula, log and reload on either side (7.2518ms)
✔ archived 4.5.64: virtuous-treaty: inactive, active, real formula, log and reload on either side (6.6303ms)
✔ archived 4.5.64: socom: inactive, active, real formula, log and reload on either side (6.6316ms)
✔ archived 4.5.64: lulu-mog: inactive, active, real formula, log and reload on either side (6.659ms)
✔ archived 4.5.64: leopard-lightning: inactive, active, real formula, log and reload on either side (6.3059ms)
✔ archived 4.5.64: mythic-iron-gauntlet: inactive, active, real formula, log and reload on either side (6.5586ms)
✔ archived 4.5.64: post-bow: inactive, active, real formula, log and reload on either side (5.836ms)
✔ archived 4.5.64: grimoire-weiss: inactive, active, real formula, log and reload on either side (5.7636ms)
✔ archived 4.5.64: gen-mechanical-arm: inactive, active, real formula, log and reload on either side (5.9051ms)
✔ archived 4.5.64: violet-reaping: inactive, active, real formula, log and reload on either side (5.7625ms)
✔ archived 4.5.64: mantis-mask: inactive, active, real formula, log and reload on either side (6.795ms)
✔ archived 4.5.64: revolver-gunblade: inactive, active, real formula, log and reload on either side (5.906ms)
✔ archived 4.5.64: wolf-steel: inactive, active, real formula, log and reload on either side (6.416ms)
✔ archived 4.5.64: wolf-silver: inactive, active, real formula, log and reload on either side (6.3077ms)
✔ archived 4.5.64: kaine-saw: inactive, active, real formula, log and reload on either side (5.2345ms)
✔ archived 4.5.64: buster-sword: inactive, active, real formula, log and reload on either side (5.5726ms)
✔ archived 4.5.64: psg1: inactive, active, real formula, log and reload on either side (5.7905ms)
✔ archived 4.5.64: single-action-army: inactive, active, real formula, log and reload on either side (5.0319ms)
✔ archived 4.5.64: wardens-spear: inactive, active, real formula, log and reload on either side (5.3792ms)
✔ archived 4.5.64: soldiers-blade: inactive, active, real formula, log and reload on either side (6.4697ms)
✔ archived 4.5.64: commanders-sabre (earlier bearer snapshot): inactive, active, real formula, log and reload on either side (5.3718ms)
✔ archived 4.5.64: arborium-twinstring-bow: inactive, active, real formula, log and reload on either side (6.9148ms)
✔ archived 4.5.64: arborium-thorn-dagger: inactive, active, real formula, log and reload on either side (5.8061ms)
✔ archived 4.5.64: draevenheim-wing-spear: inactive, active, real formula, log and reload on either side (5.7859ms)
✔ archived 4.5.64: draevenheim-crimson-crossbow (earlier bearer snapshot): inactive, active, real formula, log and reload on either side (5.2832ms)
✔ archived 4.5.64: cryptown-oath-sword: inactive, active, real formula, log and reload on either side (6.1412ms)
✔ archived 4.5.64: cryptown-vigil-rifle: inactive, active, real formula, log and reload on either side (5.6428ms)
✔ archived 4.5.64: cryptown-watch-flail: inactive, active, real formula, log and reload on either side (6.1522ms)
✔ archived 4.5.64: rhinoz-ancestral-horn (earlier bearer snapshot): inactive, active, real formula, log and reload on either side (4.9571ms)
✔ archived 4.5.64: team conditions deactivate when formation or reserve recovers (39.8786ms)
✔ archived 4.5.64: Momo gift beats a smaller active DEF weapon without stacking, then expires (2.9881ms)
✔ archived 4.5.64: scythe bonus never converts Voloden printed Mort into numeric damage (2.2999ms)
✔ archived 4.5.64: original arsenal completes real matches and restores every exchange (7171.6658ms)
✔ 4.6 compatible weapon alternatives replace atomically without altering the other slots (0.7036ms)
✔ 4.6 original arsenal keeps metadata and values, with ATK-six weapons and Momo support relic (0.4559ms)
✔ all generated assets are versioned, hashed, have alpha and remain inside medallion (274.1005ms)
ℹ tests 51
ℹ suites 0
ℹ pass 51
ℹ fail 0
ℹ cancelled 0
ℹ skipped 0
ℹ todo 0
ℹ duration_ms 7894.7497
