✔ archived 4.5.64: 50 entries retain restrictions; 4.6 separates protection and relic slots (57.5494ms)
✔ archived 4.5.64: tide-pavise: real bonus once, side 0, reload every phase (25.0371ms)
✔ archived 4.5.64: tide-pavise: real bonus once, side 1, reload every phase (10.671ms)
✔ archived 4.5.64: sentinel-carapace: real bonus once, side 0, reload every phase (15.9145ms)
✔ archived 4.5.64: sentinel-carapace: real bonus once, side 1, reload every phase (15.1516ms)
✔ archived 4.5.64: sap-cuirass: real bonus once, side 0, reload every phase (10.6983ms)
✔ archived 4.5.64: sap-cuirass: real bonus once, side 1, reload every phase (8.8736ms)
✔ archived 4.5.64: gate-gauntlets: real bonus once, side 0, reload every phase (10.7516ms)
✔ archived 4.5.64: gate-gauntlets: real bonus once, side 1, reload every phase (11.1086ms)
✔ archived 4.5.64: rhinoz-hauberk: real bonus once, side 0, reload every phase (8.9295ms)
✔ archived 4.5.64: rhinoz-hauberk: real bonus once, side 1, reload every phase (9.943ms)
✔ archived 4.5.64: first-thaw-cloak: real bonus once, side 0, reload every phase (8.2313ms)
✔ archived 4.5.64: first-thaw-cloak: real bonus once, side 1, reload every phase (10.7644ms)
✔ archived 4.5.64: abyss-plastron: real bonus once, side 0, reload every phase (9.9861ms)
✔ archived 4.5.64: abyss-plastron: real bonus once, side 1, reload every phase (9.0245ms)
✔ archived 4.5.64: cold-blood-mantle: real bonus once, side 0, reload every phase (14.9045ms)
✔ archived 4.5.64: cold-blood-mantle: real bonus once, side 1, reload every phase (14.0878ms)
✔ archived 4.5.64: last-vigil-cuirass: real bonus once, side 0, reload every phase (8.4193ms)
✔ archived 4.5.64: last-vigil-cuirass: real bonus once, side 1, reload every phase (9.3604ms)
✔ archived 4.5.64: dawn-gorget: real bonus once, side 0, reload every phase (10.4967ms)
✔ archived 4.5.64: dawn-gorget: real bonus once, side 1, reload every phase (7.9195ms)
✔ archived 4.5.64: last-forge-apron: real bonus once, side 0, reload every phase (8.0591ms)
✔ archived 4.5.64: last-forge-apron: real bonus once, side 1, reload every phase (9.7197ms)
✔ archived 4.5.64: ninth-life-boots: real bonus once, side 0, reload every phase (13.5162ms)
✔ archived 4.5.64: ninth-life-boots: real bonus once, side 1, reload every phase (12.2925ms)
✔ archived 4.5.64: octocamo: real bonus once, side 0, reload every phase (8.612ms)
✔ archived 4.5.64: octocamo: real bonus once, side 1, reload every phase (9.1523ms)
✔ archived 4.5.64: cyborg-ninja-armor: real bonus once, side 0, reload every phase (8.4682ms)
✔ archived 4.5.64: cyborg-ninja-armor: real bonus once, side 1, reload every phase (8.1811ms)
✔ archived 4.5.64: zanarkand-pauldron: real bonus once, side 0, reload every phase (13.5254ms)
✔ archived 4.5.64: zanarkand-pauldron: real bonus once, side 1, reload every phase (11.7686ms)
✔ archived 4.5.64: leon-body-armor: real bonus once, side 0, reload every phase (8.4613ms)
✔ archived 4.5.64: leon-body-armor: real bonus once, side 1, reload every phase (8.9712ms)
✔ archived 4.5.64: stars-vest: real bonus once, side 0, reload every phase (8.5015ms)
✔ archived 4.5.64: stars-vest: real bonus once, side 1, reload every phase (7.5939ms)
✔ archived 4.5.64: guardian-red-coat: real bonus once, side 0, reload every phase (8.0007ms)
✔ archived 4.5.64: guardian-red-coat: real bonus once, side 1, reload every phase (8.7117ms)
✔ archived 4.5.64: scarlet-cape: real bonus once, side 0, reload every phase (12.6974ms)
✔ archived 4.5.64: scarlet-cape: real bonus once, side 1, reload every phase (12.3352ms)
✔ archived 4.5.64: wolf-school-armor: real bonus once, side 0, reload every phase (8.8017ms)
✔ archived 4.5.64: wolf-school-armor: real bonus once, side 1, reload every phase (7.5828ms)
✔ archived 4.5.64: white-materia: real bonus once, side 0, reload every phase (12.4604ms)
✔ archived 4.5.64: white-materia: real bonus once, side 1, reload every phase (13.1629ms)
✔ archived 4.5.64: griever-pendant: real bonus once, side 0, reload every phase (8.3922ms)
✔ archived 4.5.64: griever-pendant: real bonus once, side 1, reload every phase (7.6905ms)
✔ archived 4.5.64: zanarkand-abes-pendant: real bonus once, side 0, reload every phase (13.3245ms)
✔ archived 4.5.64: zanarkand-abes-pendant: real bonus once, side 1, reload every phase (11.7051ms)
✔ archived 4.5.64: guardian-jug: real bonus once, side 0, reload every phase (7.8405ms)
✔ archived 4.5.64: guardian-jug: real bonus once, side 1, reload every phase (9.6124ms)
✔ archived 4.5.64: jill-lockpicks: real bonus once, side 0, reload every phase (13.1502ms)
✔ archived 4.5.64: jill-lockpicks: real bonus once, side 1, reload every phase (14.4355ms)
✔ archived 4.5.64: pod-153: real bonus once, side 0, reload every phase (11.9542ms)
✔ archived 4.5.64: pod-153: real bonus once, side 1, reload every phase (11.2461ms)
✔ archived 4.5.64: lunar-tear: real bonus once, side 0, reload every phase (13.8837ms)
✔ archived 4.5.64: lunar-tear: real bonus once, side 1, reload every phase (13.2728ms)
✔ archived 4.5.64: infiltration-box: real bonus once, side 0, reload every phase (14.1786ms)
✔ archived 4.5.64: infiltration-box: real bonus once, side 1, reload every phase (14.2737ms)
✔ archived 4.5.64: metal-gear-mkii: real bonus once, side 0, reload every phase (12.1708ms)
✔ archived 4.5.64: metal-gear-mkii: real bonus once, side 1, reload every phase (13.0169ms)
✔ archived 4.5.64: wolf-medallion: real bonus once, side 0, reload every phase (8.1342ms)
✔ archived 4.5.64: wolf-medallion: real bonus once, side 1, reload every phase (7.6492ms)
✔ archived 4.5.64: obsidian-star: real bonus once, side 0, reload every phase (12.8747ms)
✔ archived 4.5.64: obsidian-star: real bonus once, side 1, reload every phase (12.2553ms)
✔ archived 4.5.64: straw-hat: real bonus once, side 0, reload every phase (12.075ms)
✔ archived 4.5.64: straw-hat: real bonus once, side 1, reload every phase (13.3269ms)
✔ archived 4.5.64: log-pose: real bonus once, side 0, reload every phase (13.2866ms)
✔ archived 4.5.64: log-pose: real bonus once, side 1, reload every phase (14.0556ms)
✔ archived 4.5.64: rumble-ball: real bonus once, side 0, reload every phase (11.985ms)
✔ archived 4.5.64: rumble-ball: real bonus once, side 1, reload every phase (10.9678ms)
✔ archived 4.5.64: cola-reserve: real bonus once, side 0, reload every phase (13.4231ms)
✔ archived 4.5.64: cola-reserve: real bonus once, side 1, reload every phase (12.552ms)
✔ archived 4.5.64: little-joys-box: real bonus once, side 0, reload every phase (16.8977ms)
✔ archived 4.5.64: little-joys-box: real bonus once, side 1, reload every phase (13.7247ms)
✔ archived 4.5.64: current-compass: real bonus once, side 0, reload every phase (8.117ms)
✔ archived 4.5.64: current-compass: real bonus once, side 1, reload every phase (8.1526ms)
✔ archived 4.5.64: last-garden-seed: real bonus once, side 0, reload every phase (13.2662ms)
✔ archived 4.5.64: last-garden-seed: real bonus once, side 1, reload every phase (12.5456ms)
✔ archived 4.5.64: exiled-king-seal: real bonus once, side 0, reload every phase (15.5408ms)
✔ archived 4.5.64: exiled-king-seal: real bonus once, side 1, reload every phase (13.2256ms)
✔ archived 4.5.64: lost-names-bell: real bonus once, side 0, reload every phase (12.617ms)
✔ archived 4.5.64: lost-names-bell: real bonus once, side 1, reload every phase (12.499ms)
✔ archived 4.5.64: ff9-oath-helm: real bonus once, side 0, reload every phase (8.8888ms)
✔ archived 4.5.64: ff9-oath-helm: real bonus once, side 1, reload every phase (9.1789ms)
✔ archived 4.5.64: ff9-vivi-hat: real bonus once, side 0, reload every phase (9.7726ms)
✔ archived 4.5.64: ff9-vivi-hat: real bonus once, side 1, reload every phase (8.5714ms)
✔ archived 4.5.64: ff9-burmecia-coat: real bonus once, side 0, reload every phase (12.3569ms)
✔ archived 4.5.64: ff9-burmecia-coat: real bonus once, side 1, reload every phase (12.3291ms)
✔ archived 4.5.64: ff9-solitary-wraps: real bonus once, side 0, reload every phase (12.1638ms)
✔ archived 4.5.64: ff9-solitary-wraps: real bonus once, side 1, reload every phase (13.722ms)
✔ archived 4.5.64: ff9-reunion-bandana: real bonus once, side 0, reload every phase (13.6494ms)
✔ archived 4.5.64: ff9-reunion-bandana: real bonus once, side 1, reload every phase (13.3796ms)
✔ archived 4.5.64: ff9-garnet-pendant: real bonus once, side 0, reload every phase (11.1671ms)
✔ archived 4.5.64: ff9-garnet-pendant: real bonus once, side 1, reload every phase (11.5844ms)
✔ archived 4.5.64: ff9-mog-ribbon: real bonus once, side 0, reload every phase (12.9491ms)
✔ archived 4.5.64: ff9-mog-ribbon: real bonus once, side 1, reload every phase (11.086ms)
✔ archived 4.5.64: ff9-final-act-feather: real bonus once, side 0, reload every phase (8.1765ms)
✔ archived 4.5.64: ff9-final-act-feather: real bonus once, side 1, reload every phase (7.7566ms)
✔ archived 4.5.64: ff9-terra-fragment: real bonus once, side 0, reload every phase (14.1471ms)
✔ archived 4.5.64: ff9-terra-fragment: real bonus once, side 1, reload every phase (14.2297ms)
✔ archived 4.5.64: ff9-tantalus-script: real bonus once, side 0, reload every phase (13.3446ms)
✔ archived 4.5.64: ff9-tantalus-script: real bonus once, side 1, reload every phase (12.6464ms)
✔ archived 4.5.64: magic and physical qualification wait for the accepted attack (6.6891ms)
✔ archived 4.5.64: support refresh, special defense consumption and forged save rejection (11.6832ms)
✔ invalid declarative rules are rejected without new saves or implicit slots (0.1934ms)
✔ archived 4.5.64: relay and personal protection use the strongest bonus and consume both charges (12.4422ms)
✔ archived 4.5.64: discarded Kalistel attack cannot activate or consume a protection (8.0697ms)
✔ archived 4.5.64: tide-pavise: three complete matches with untouched catalogue cards (581.8384ms)
✔ archived 4.5.64: sentinel-carapace: three complete matches with untouched catalogue cards (751.557ms)
✔ archived 4.5.64: sap-cuirass: three complete matches with untouched catalogue cards (675.1512ms)
✔ archived 4.5.64: gate-gauntlets: three complete matches with untouched catalogue cards (798.8286ms)
✔ archived 4.5.64: rhinoz-hauberk: three complete matches with untouched catalogue cards (1261.1528ms)
✔ archived 4.5.64: first-thaw-cloak: three complete matches with untouched catalogue cards (816.6924ms)
✔ archived 4.5.64: abyss-plastron: three complete matches with untouched catalogue cards (593.0531ms)
✔ archived 4.5.64: cold-blood-mantle: three complete matches with untouched catalogue cards (799.5411ms)
✔ archived 4.5.64: last-vigil-cuirass: three complete matches with untouched catalogue cards (863.246ms)
✔ archived 4.5.64: dawn-gorget: three complete matches with untouched catalogue cards (518.0598ms)
✔ archived 4.5.64: last-forge-apron: three complete matches with untouched catalogue cards (801.5035ms)
✔ archived 4.5.64: ninth-life-boots: three complete matches with untouched catalogue cards (879.4919ms)
✔ archived 4.5.64: octocamo: three complete matches with untouched catalogue cards (845.0684ms)
✔ archived 4.5.64: cyborg-ninja-armor: three complete matches with untouched catalogue cards (1232.7434ms)
✔ archived 4.5.64: zanarkand-pauldron: three complete matches with untouched catalogue cards (907.8498ms)
✔ archived 4.5.64: leon-body-armor: three complete matches with untouched catalogue cards (1076.5978ms)
✔ archived 4.5.64: stars-vest: three complete matches with untouched catalogue cards (639.9909ms)
✔ archived 4.5.64: guardian-red-coat: three complete matches with untouched catalogue cards (1096.8947ms)
✔ archived 4.5.64: scarlet-cape: three complete matches with untouched catalogue cards (838.0829ms)
✔ archived 4.5.64: wolf-school-armor: three complete matches with untouched catalogue cards (815.7592ms)
✔ archived 4.5.64: white-materia: three complete matches with untouched catalogue cards (765.453ms)
✔ archived 4.5.64: griever-pendant: three complete matches with untouched catalogue cards (856.4251ms)
✔ archived 4.5.64: zanarkand-abes-pendant: three complete matches with untouched catalogue cards (628.9841ms)
✔ archived 4.5.64: guardian-jug: three complete matches with untouched catalogue cards (1562.9349ms)
✔ archived 4.5.64: jill-lockpicks: three complete matches with untouched catalogue cards (742.767ms)
✔ archived 4.5.64: pod-153: three complete matches with untouched catalogue cards (943.4607ms)
✔ archived 4.5.64: lunar-tear: three complete matches with untouched catalogue cards (1093.8043ms)
✔ archived 4.5.64: infiltration-box: three complete matches with untouched catalogue cards (917.3975ms)
✔ archived 4.5.64: metal-gear-mkii: three complete matches with untouched catalogue cards (590.3673ms)
✔ archived 4.5.64: wolf-medallion: three complete matches with untouched catalogue cards (1403.483ms)
✔ archived 4.5.64: obsidian-star: three complete matches with untouched catalogue cards (1007.908ms)
✔ archived 4.5.64: straw-hat: three complete matches with untouched catalogue cards (775.3276ms)
✔ archived 4.5.64: log-pose: three complete matches with untouched catalogue cards (870.9965ms)
✔ archived 4.5.64: rumble-ball: three complete matches with untouched catalogue cards (519.115ms)
✔ archived 4.5.64: cola-reserve: three complete matches with untouched catalogue cards (778.5226ms)
✔ archived 4.5.64: little-joys-box: three complete matches with untouched catalogue cards (965.7803ms)
✔ archived 4.5.64: current-compass: three complete matches with untouched catalogue cards (577.4448ms)
✔ archived 4.5.64: last-garden-seed: three complete matches with untouched catalogue cards (713.9916ms)
✔ archived 4.5.64: exiled-king-seal: three complete matches with untouched catalogue cards (684.4335ms)
✔ archived 4.5.64: lost-names-bell: three complete matches with untouched catalogue cards (807.0582ms)
✔ archived 4.5.64: ff9-oath-helm: three complete matches with untouched catalogue cards (896.3928ms)
✔ archived 4.5.64: ff9-vivi-hat: three complete matches with untouched catalogue cards (403.7264ms)
✔ archived 4.5.64: ff9-burmecia-coat: three complete matches with untouched catalogue cards (947.5081ms)
✔ archived 4.5.64: ff9-solitary-wraps: three complete matches with untouched catalogue cards (801.1192ms)
✔ archived 4.5.64: ff9-reunion-bandana: three complete matches with untouched catalogue cards (724.8484ms)
✔ archived 4.5.64: ff9-garnet-pendant: three complete matches with untouched catalogue cards (912.5804ms)
✔ archived 4.5.64: ff9-mog-ribbon: three complete matches with untouched catalogue cards (627.3761ms)
✔ archived 4.5.64: ff9-final-act-feather: three complete matches with untouched catalogue cards (646.2011ms)
✔ archived 4.5.64: ff9-terra-fragment: three complete matches with untouched catalogue cards (704.9339ms)
✔ archived 4.5.64: ff9-tantalus-script: three complete matches with untouched catalogue cards (916.481ms)
ℹ tests 156
ℹ suites 0
ℹ pass 156
ℹ fail 0
ℹ cancelled 0
ℹ skipped 0
ℹ todo 0
ℹ duration_ms 42971.4025
