✔ 4.6: 18 FFIX items keep families, stable identities and art while migrating to three slots (57.9933ms)
✔ 4.6 profile/composition preserve weapon while adding protection, with confirmation scoped per slot (17.6217ms)
✔ archived 4.5.64: ff9-orichalque: every edition, both sides, formula, log and deactivation (14.1318ms)
✔ archived 4.5.64: ff9-magekane: every edition, both sides, formula, log and deactivation (31.4688ms)
✔ archived 4.5.64: ff9-excalibur: every edition, both sides, formula, log and deactivation (9.7494ms)
✔ archived 4.5.64: ff9-save-the-queen: every edition, both sides, formula, log and deactivation (10.4833ms)
✔ archived 4.5.64: ff9-dragonade: every edition, both sides, formula, log and deactivation (10.6853ms)
✔ archived 4.5.64: ff9-runigriffe: every edition, both sides, formula, log and deactivation (9.3714ms)
✔ archived 4.5.64: ff9-backstage-hammer: every edition, both sides, formula, log and deactivation (9.9779ms)
✔ archived 4.5.64 Gastrette: defend, side 0 (6.9127ms)
✔ archived 4.5.64 Gastrette: attack, side 0 (6.1591ms)
✔ archived 4.5.64 Gastrette: refresh, side 0 (3.3569ms)
✔ archived 4.5.64 Gastrette: defend, side 1 (5.1957ms)
✔ archived 4.5.64 Gastrette: attack, side 1 (5.4505ms)
✔ archived 4.5.64 Gastrette: refresh, side 1 (3.5696ms)
✔ archived 4.5.64: all eight FFIX weapons finish natural matches and reload each step (6087.7556ms)
✔ current D6 and archived charge descriptions distinguish this duel from a later defense (2.5711ms)
ℹ tests 17
ℹ suites 0
ℹ pass 17
ℹ fail 0
ℹ cancelled 0
ℹ skipped 0
ℹ todo 0
ℹ duration_ms 6419.2315
