✔ explicit formation wins over inventory order; both sides start immediately and cannot recall (36.1474ms)
✔ P1/P2 incompatibilities, missing and reserve captain, unknown and incompatible weapons fail closed (3.1568ms)
✔ migration is deterministic, retains all inventory and copies equipment defaults once (0.9966ms)
✔ legacy incomplete and invalid drafts retain every card and remain repairable, never playable (0.9423ms)
✔ schema-2 library migration, clone, export/import and partial drafts preserve formation/captain/equipment (5.3844ms)
✔ storage conflicts remain atomic during writes (2.5525ms)
✔ captain links are numeric, side-independent, non-stacking, +40 normal plus +10 maximum (4.0047ms)
✔ captain without a second matching active fighter gives nothing; reserve and corpses never count (1.9854ms)
✔ Reraise keeps commandment, definitive captain death removes it immediately and reserves inherit no crown (6.3756ms)
✔ shared reserve remains position-polymorphic and replacement creates/removes captain connections (5.5665ms)
✔ AI scores include the same commandment terms without reading future rolls (3.2676ms)
✔ equipment is isolated per deck, supports removal, and match snapshots cannot be changed by later edits (5.0969ms)
✔ old setup matches and technical array callers retain historical behavior (8.9236ms)
✔ complete composed matches, captain deaths, equipment states and reloads validate through match end (889.8987ms)
ℹ tests 14
ℹ suites 0
ℹ pass 14
ℹ fail 0
ℹ cancelled 0
ℹ skipped 0
ℹ todo 0
ℹ duration_ms 1087.2416
