✔ five pairings retain saved order, captains, native clues and the entire engine snapshot (34.5642ms)
✔ all catalogue identities, collaborations and NONE are data driven (0.568ms)
✔ missing identities have neutral clues and missing cards fail before mounting (0.5259ms)
✔ slower clues and revealed cards share the same reading time with reduced motion (0.1284ms)
✔ Tip Off and the winning captain have explicit readable pauses (0.1023ms)
✔ D6 captains are stat-independent, ties reroll, combat RNG and match metrics stay untouched (40.972ms)
✔ ABBA tracks every resolved action and reload, opener 0 (26.6398ms)
✔ ABBA tracks every resolved action and reload, opener 1 (21.3618ms)
✔ two consecutive actions can kill twice; replacements do not advance the timeline (5.3088ms)
✔ support can lead directly into an allied magic attack in the same double window (3.52ms)
✔ unmarked historical games keep strict alternation and original state identity (9.0897ms)
✔ corrupt initiative, turn, history and premature combat fail closed (6.0715ms)
✔ seeded initiative has reproducible results and balanced faces and openers (47.404ms)
✔ UI presets nominate their P1 captain explicitly without changing legacy migration or default equipment (9.6411ms)
✔ 250 complete ABBA matches validate every phase, equipment, archive and reload (25310.0743ms)
ℹ tests 15
ℹ suites 0
ℹ pass 15
ℹ fail 0
ℹ cancelled 0
ℹ skipped 0
ℹ todo 0
ℹ duration_ms 25619.5285
