✔ unpublished FF7 arenas stay absent; V3 arena output is unchanged (105.2222ms)
✔ arena availability follows version faction, not a shared NieR character suffix (30.9264ms)
✔ arena availability accepts explicit collaboration without changing a character identity (32.3038ms)
✔ Cloud alone unlocks both arenas with exact FF7 metadata and filtered affinities (25.9502ms)
✔ any published FF7 character unlocks both arenas without requiring Cloud or a home affinity (22.666ms)
✔ home bonuses stay specific to the seven requested characters, not the whole FF7 set (12.3122ms)
✔ both arenas are playable and restorable with bounded, version-independent bonuses (51.9769ms)
✔ supplemental JSON rejects malformed metadata, paths, affinities and colliding IDs (134.4723ms)
✔ supplemental bonus bounds reject overflow, negatives and non-integers without clamping (92.3342ms)
✔ only the current approved V4 references, without legacy art or provenance paths (38.6826ms)
✔ Voloden requires V4 approval and retains his V3 role, sentry and death face (18.9968ms)
✔ printed V4 fields override V3 metadata and support faces remain valid (18.1327ms)
✔ safe crop matches the approved PNG dimensions, rejects historical sizes (43.1212ms)
✔ default and preset decks use only owned V4 cards and cover P1-P5 twice (16.6189ms)
✔ a deck accepts only one card per character across copies and variants (13.1489ms)
✔ publication appended with its new ID and correct URLs, no legacy fallbacks (49.9313ms)
✔ seed is additive and idempotent, Paris gets new originals, Tokyo stays empty (29.8388ms)
✔ printed support abilities are retained or explicitly rejected by V3 role constraints (22.1891ms)
✔ V4 storage and deck envelopes reject V3 without touching its keys (24.0631ms)
✔ active match restores unchanged after new catalogue publication (31.7402ms)
✔ unchanged V3 mechanics: deterministic full games agree after identity normalization (37.0897ms)
✔ release contains all published cards and only playable files (145.4618ms)
✔ build paths cannot escape the generated directory (0.2716ms)
✔ Astralia atlas is published as lightweight media, not an authoring source (71.1619ms)
✔ Collection atlas is continuous and does not replace reading surfaces (3.5361ms)
✔ static release versions stylesheet and script URLs together (0.4349ms)
✔ application version matches in desktop and phone headers (1.33ms)
✔ hosting adapter supports local, project Pages and saved canonical image paths (1.6155ms)
✔ PWA opens the game inside its project-page scope with install icons (134.0709ms)
✔ collaboration follows the version metadata, never the shared character suffix (2.061ms)
✔ faction media is V4-local while legacy assets retain their routes (0.6294ms)
✔ universe choices expose Replicant only when its versions exist (0.572ms)
✔ collection groups Kalistar, Final Fantasy and NieR while retaining faction filters (17.1428ms)
✔ statistics filter versions before aggregating a shared character and retain independent totals (1.3485ms)
✔ deck builder keeps shared-character exclusion and separate faction synergies (27.2564ms)
✔ browser boot loads collaboration metadata before all three consumers (0.783ms)
✔ Metal Gear episodes have independent factions and V4 banner routes (2.4992ms)
✔ Snake versions exclude each other; faction bonus never crosses episodes (28.9864ms)
✔ Metal Gear is visible in the collection without changing shared character identity (9.1787ms)
✔ One Piece has one collaboration, eleven versions and ten characters (3.6857ms)
✔ binder renders one One Piece collection choice and retains one faction option (15.1224ms)
✔ new faction and race routes are local; existing SKULLZ and CERELF routes stay shared (0.6507ms)
✔ all nine RE factions retain their identities and local asset routes (11.8497ms)
✔ one Resident Evil collection choice counts fixture versions dynamically (11.9901ms)
PASS: honours, ties, positive-only thresholds, completed/full history, aggregates, one-decimal averages, filters, ordering and safe Excel CSV.
✔ V4\site\statistics.test.cjs (140.4764ms)
ℹ tests 45
ℹ suites 0
ℹ pass 45
ℹ fail 0
ℹ cancelled 0
ℹ skipped 0
ℹ todo 0
ℹ duration_ms 611.6851
