✔ 22 approved versions, 19 identities, role limits and existing effects only (7.3175ms)
✔ Three playable decks cover all versions, correct variant identity and five roles (51.6893ms)
✔ Every printed ATK face drives actual combat or its existing support category (127.6984ms)
✔ Every printed DEF face, barrier and dodge survives save/restore (84.8514ms)
✔ 36 full ABBA matches, three decks, both camps and repeated restoration (452.5118ms)
✔ Published native cards, exact selected artwork, no rejected character installed (239.171ms)
✔ Four additive race assets and the FF9 collection route (1.8101ms)
✔ 25 personalities preserve identity, art, role, positions and all legal face intervals (17.0389ms)
✔ All 150 RE ATK faces apply the printed number or native support/death effect (195.9455ms)
✔ All 150 RE DEF faces, barriers, dodges and retries resolve and restore (97.1822ms)
✔ 50 complete ABBA matches cover every RE profile in both camps (698.8929ms)
✔ Published RE profiles and images match native proofs with original art intact (109.9758ms)
ℹ tests 12
ℹ suites 0
ℹ pass 12
ℹ fail 0
ℹ cancelled 0
ℹ skipped 0
ℹ todo 0
ℹ duration_ms 1264.0426
