✔ three-slot defaults are snapshotted once without borrowing other characters or objects (20.6536ms)
✔ legacy flat loadouts migrate by actual category while retaining formation and captain (1.2513ms)
✔ profile migration rejects corrupt versions and extra legacy slots without changing the source (0.9047ms)
✔ weapon, protection and relic coexist; clicked removal cannot erase another slot (1.0056ms)
✔ transfers and replacements are scoped to the clicked category, with one wearer per item (1.0822ms)
✔ stale confirmations reject both target-slot changes and unrelated composition changes (0.6412ms)
✔ stable character and Job compatibility remain enforced rather than display-name matching (0.7898ms)
✔ card edits prune every departed character slot, but reject corrupt equipment before editing (1.0435ms)
✔ schema 1 and schema 2 flat imports migrate durably; exports remain schema 2 (2.9956ms)
✔ schema 2 saves, duplication and returned drafts never share equipment maps (2.384ms)
✔ a match retains its three-slot equipment snapshot after profile and deck edits (13.1064ms)
✔ three-slot detail uses native asymmetrical glyphs, letterboxing and one shared radar epoch (7.3424ms)
✔ default inspection still omits inactive equipment and preserves legacy single-definition position (1.0306ms)
✔ arena inspection keeps inactive weapon and protection, enlarges only their circles and never shows their plates (1.0975ms)
✔ new detail cleanup cancels all three overlays and artwork is the real medallion cutout (12.5414ms)
✔ retained D6 radar shares delay without losing its center during impact and reduced motion remains quiet (3.7851ms)
✔ 4.6 definitions, legacy definitions and three independent stable-identity slots (59.0563ms)
✔ 4.6 catalogue restrictions expose unavailable arms rather than grant an incompatible bonus (2.726ms)
✔ every compatible weapon applies only on retained numeric D6, with unchanged base matchup (738.3949ms)
✔ every compatible shield applies only on retained numeric D6, with unchanged base matchup (424.7768ms)
✔ discarded Kalistel D6 has no equipment effect; retained and mandatory second D6 do (14.2814ms)
✔ magic ATK6 and barrier DEF6 coexist with their direct equipment arithmetic (4.5437ms)
✔ protection contribution remains captured when its wearer dies; ordinary non-D6 Block has none (8.4585ms)
✔ luck recomputes protection 6 -> 5 and restores both attempted formulas (6.4099ms)
✔ luck recomputes protection 5 -> 6 and restores both attempted formulas (6.2257ms)
✔ DEF retry replaces an active protection with the final result without leaving a stale bonus (4.3274ms)
✔ all native special D6 faces remain special, never numeric equipment or automatic Block (36.1698ms)
✔ relic support + protection adds only strongest relic, expires gift, keeps separate direct bonus (4.9868ms)
✔ forged direct contribution, die, source, relic contribution and failed-attempt totals are rejected (9.3194ms)
✔ modern snapshot freezes all three slots; legacy match snapshot and old axe trigger stay unchanged (8.6413ms)
✔ initiative and ABBA timeline are identical before any equipment use (2.283ms)
✔ every one-shot relic trigger still grants, survives reload and attacking, consumes once on defense (518.148ms)
✔ complete three-slot ABBA matches preserve numeric effects and state through repeated restores (1238.4925ms)
✔ public AI values a D6 weapon at one sixth of its bonus, not as a permanent +30 (8.9441ms)
✔ several actual relic grants choose strongest once, add direct protection, then consume every charge (27.371ms)
✔ Death versus numeric DEF6 does not activate a protection or generate a numeric formula (12.578ms)
✔ replacing a weapon preserves protection/relic and does not mutate the original profile (1.5211ms)
✔ same-valued DEF faces cannot forge a D6 protection when the recorded die was D5 (12.7896ms)
✔ failed luck attempt cannot borrow the D6 of its later successful reroll (17.4577ms)
✔ legacy unsuitable special shield requests a new DEF die, never zero or a D6 protection bonus (27.1256ms)
✔ failed numeric defense saved by Reraise still reports a used protection, not a Block (8.5099ms)
ℹ tests 41
ℹ suites 0
ℹ pass 41
ℹ fail 0
ℹ cancelled 0
ℹ skipped 0
ℹ todo 0
ℹ duration_ms 3373.0065
