✔ 4.6 has three independent slots, with compatible bearers and unchanged base families (55.8829ms)
✔ archived 4.5.64 shield: first defense only, numeric total and matrix preserved, side 0 (19.7715ms)
✔ archived 4.5.64 shield: first defense only, numeric total and matrix preserved, side 1 (7.5353ms)
✔ archived 4.5.64: targeted support and attacking do not spend the first defense (4.5888ms)
✔ archived 4.5.64: shield special face dodge has no invented numeric bonus (4.3444ms)
✔ archived 4.5.64: shield special face retry has no invented numeric bonus (5.3565ms)
✔ archived 4.5.64 Pod: successful Block, charge survives attack/reload, next defense consumes it once, side 0 (7.7259ms)
✔ archived 4.5.64 Pod: successful Block, charge survives attack/reload, next defense consumes it once, side 1 (6.6063ms)
✔ archived 4.5.64: Pod never activates from a support, death or Reraise (12.31ms)
✔ archived 4.5.64: snapshot and charge roundtrip; malformed charge history rejected (9.2826ms)
✔ archived 4.5.64: complete matches preserve native faces and reload each step in both categories (1466.0684ms)
✔ equipment media is independently hashed, transparent and natively anchored (107.8825ms)
✔ archived 4.5.64: 31 additions keep identities, restrictions and bounded state effects (53.9862ms)
✔ archived 4.5.64: white-oath-rapier: inactive, active, real formula, log and reload on either side (18.638ms)
✔ archived 4.5.64: brotherhood: inactive, active, real formula, log and reload on either side (6.9411ms)
✔ archived 4.5.64: virtuous-contract: inactive, active, real formula, log and reload on either side (7.0929ms)
✔ archived 4.5.64: virtuous-treaty: inactive, active, real formula, log and reload on either side (6.538ms)
✔ archived 4.5.64: socom: inactive, active, real formula, log and reload on either side (6.9176ms)
✔ archived 4.5.64: lulu-mog: inactive, active, real formula, log and reload on either side (6.2397ms)
✔ archived 4.5.64: leopard-lightning: inactive, active, real formula, log and reload on either side (6.1494ms)
✔ archived 4.5.64: mythic-iron-gauntlet: inactive, active, real formula, log and reload on either side (6.3822ms)
✔ archived 4.5.64: post-bow: inactive, active, real formula, log and reload on either side (5.6621ms)
✔ archived 4.5.64: grimoire-weiss: inactive, active, real formula, log and reload on either side (6.1976ms)
✔ archived 4.5.64: gen-mechanical-arm: inactive, active, real formula, log and reload on either side (5.5355ms)
✔ archived 4.5.64: violet-reaping: inactive, active, real formula, log and reload on either side (5.5555ms)
✔ archived 4.5.64: mantis-mask: inactive, active, real formula, log and reload on either side (6.2262ms)
✔ archived 4.5.64: revolver-gunblade: inactive, active, real formula, log and reload on either side (5.4549ms)
✔ archived 4.5.64: wolf-steel: inactive, active, real formula, log and reload on either side (5.6827ms)
✔ archived 4.5.64: wolf-silver: inactive, active, real formula, log and reload on either side (6.3091ms)
✔ archived 4.5.64: kaine-saw: inactive, active, real formula, log and reload on either side (5.6229ms)
✔ archived 4.5.64: buster-sword: inactive, active, real formula, log and reload on either side (5.0498ms)
✔ archived 4.5.64: psg1: inactive, active, real formula, log and reload on either side (5.6193ms)
✔ archived 4.5.64: single-action-army: inactive, active, real formula, log and reload on either side (5.2858ms)
✔ archived 4.5.64: wardens-spear: inactive, active, real formula, log and reload on either side (5.5557ms)
✔ archived 4.5.64: soldiers-blade: inactive, active, real formula, log and reload on either side (6.3088ms)
✔ archived 4.5.64: commanders-sabre (earlier bearer snapshot): inactive, active, real formula, log and reload on either side (5.6226ms)
✔ archived 4.5.64: arborium-twinstring-bow: inactive, active, real formula, log and reload on either side (6.7083ms)
✔ archived 4.5.64: arborium-thorn-dagger: inactive, active, real formula, log and reload on either side (5.9512ms)
✔ archived 4.5.64: draevenheim-wing-spear: inactive, active, real formula, log and reload on either side (5.8084ms)
✔ archived 4.5.64: draevenheim-crimson-crossbow (earlier bearer snapshot): inactive, active, real formula, log and reload on either side (5.1117ms)
✔ archived 4.5.64: cryptown-oath-sword: inactive, active, real formula, log and reload on either side (5.1977ms)
✔ archived 4.5.64: cryptown-vigil-rifle: inactive, active, real formula, log and reload on either side (5.9626ms)
✔ archived 4.5.64: cryptown-watch-flail: inactive, active, real formula, log and reload on either side (5.9776ms)
✔ archived 4.5.64: rhinoz-ancestral-horn (earlier bearer snapshot): inactive, active, real formula, log and reload on either side (4.9514ms)
✔ archived 4.5.64: team conditions deactivate when formation or reserve recovers (38.215ms)
✔ archived 4.5.64: Momo gift beats a smaller active DEF weapon without stacking, then expires (2.8404ms)
✔ archived 4.5.64: scythe bonus never converts Voloden printed Mort into numeric damage (2.5429ms)
✔ archived 4.5.64: original arsenal completes real matches and restores every exchange (12937.8303ms)
✔ 4.6 compatible weapon alternatives replace atomically without altering the other slots (1.7832ms)
✔ 4.6 original arsenal keeps metadata and values, with ATK-six weapons and Momo support relic (1.1942ms)
✔ all generated assets are versioned, hashed, have alpha and remain inside medallion (496.9746ms)
ℹ tests 51
ℹ suites 0
ℹ pass 51
ℹ fail 0
ℹ cancelled 0
ℹ skipped 0
ℹ todo 0
ℹ duration_ms 13869.5279
