✔ archived 4.5.64: 50 entries retain restrictions; 4.6 separates protection and relic slots (66.6471ms)
✔ archived 4.5.64: tide-pavise: real bonus once, side 0, reload every phase (29.954ms)
✔ archived 4.5.64: tide-pavise: real bonus once, side 1, reload every phase (11.9962ms)
✔ archived 4.5.64: sentinel-carapace: real bonus once, side 0, reload every phase (17.7372ms)
✔ archived 4.5.64: sentinel-carapace: real bonus once, side 1, reload every phase (15.4682ms)
✔ archived 4.5.64: sap-cuirass: real bonus once, side 0, reload every phase (9.2008ms)
✔ archived 4.5.64: sap-cuirass: real bonus once, side 1, reload every phase (9.7711ms)
✔ archived 4.5.64: gate-gauntlets: real bonus once, side 0, reload every phase (10.716ms)
✔ archived 4.5.64: gate-gauntlets: real bonus once, side 1, reload every phase (9.6853ms)
✔ archived 4.5.64: rhinoz-hauberk: real bonus once, side 0, reload every phase (9.8767ms)
✔ archived 4.5.64: rhinoz-hauberk: real bonus once, side 1, reload every phase (9.6219ms)
✔ archived 4.5.64: first-thaw-cloak: real bonus once, side 0, reload every phase (8.7317ms)
✔ archived 4.5.64: first-thaw-cloak: real bonus once, side 1, reload every phase (10.2609ms)
✔ archived 4.5.64: abyss-plastron: real bonus once, side 0, reload every phase (9.4997ms)
✔ archived 4.5.64: abyss-plastron: real bonus once, side 1, reload every phase (10.1806ms)
✔ archived 4.5.64: cold-blood-mantle: real bonus once, side 0, reload every phase (14.1505ms)
✔ archived 4.5.64: cold-blood-mantle: real bonus once, side 1, reload every phase (14.9385ms)
✔ archived 4.5.64: last-vigil-cuirass: real bonus once, side 0, reload every phase (11.9426ms)
✔ archived 4.5.64: last-vigil-cuirass: real bonus once, side 1, reload every phase (9.4193ms)
✔ archived 4.5.64: dawn-gorget: real bonus once, side 0, reload every phase (10.3863ms)
✔ archived 4.5.64: dawn-gorget: real bonus once, side 1, reload every phase (10.4281ms)
✔ archived 4.5.64: last-forge-apron: real bonus once, side 0, reload every phase (8.6236ms)
✔ archived 4.5.64: last-forge-apron: real bonus once, side 1, reload every phase (9.0372ms)
✔ archived 4.5.64: ninth-life-boots: real bonus once, side 0, reload every phase (14.1136ms)
✔ archived 4.5.64: ninth-life-boots: real bonus once, side 1, reload every phase (13.013ms)
✔ archived 4.5.64: octocamo: real bonus once, side 0, reload every phase (8.7551ms)
✔ archived 4.5.64: octocamo: real bonus once, side 1, reload every phase (8.6847ms)
✔ archived 4.5.64: cyborg-ninja-armor: real bonus once, side 0, reload every phase (10.2825ms)
✔ archived 4.5.64: cyborg-ninja-armor: real bonus once, side 1, reload every phase (8.2166ms)
✔ archived 4.5.64: zanarkand-pauldron: real bonus once, side 0, reload every phase (12.7201ms)
✔ archived 4.5.64: zanarkand-pauldron: real bonus once, side 1, reload every phase (13.4519ms)
✔ archived 4.5.64: leon-body-armor: real bonus once, side 0, reload every phase (8.3727ms)
✔ archived 4.5.64: leon-body-armor: real bonus once, side 1, reload every phase (8.4558ms)
✔ archived 4.5.64: stars-vest: real bonus once, side 0, reload every phase (9.7756ms)
✔ archived 4.5.64: stars-vest: real bonus once, side 1, reload every phase (8.4104ms)
✔ archived 4.5.64: guardian-red-coat: real bonus once, side 0, reload every phase (9.0129ms)
✔ archived 4.5.64: guardian-red-coat: real bonus once, side 1, reload every phase (8.115ms)
✔ archived 4.5.64: scarlet-cape: real bonus once, side 0, reload every phase (14.7399ms)
✔ archived 4.5.64: scarlet-cape: real bonus once, side 1, reload every phase (13.0582ms)
✔ archived 4.5.64: wolf-school-armor: real bonus once, side 0, reload every phase (9.461ms)
✔ archived 4.5.64: wolf-school-armor: real bonus once, side 1, reload every phase (8.2679ms)
✔ archived 4.5.64: white-materia: real bonus once, side 0, reload every phase (13.1416ms)
✔ archived 4.5.64: white-materia: real bonus once, side 1, reload every phase (13.553ms)
✔ archived 4.5.64: griever-pendant: real bonus once, side 0, reload every phase (9.1784ms)
✔ archived 4.5.64: griever-pendant: real bonus once, side 1, reload every phase (8.4674ms)
✔ archived 4.5.64: zanarkand-abes-pendant: real bonus once, side 0, reload every phase (14.231ms)
✔ archived 4.5.64: zanarkand-abes-pendant: real bonus once, side 1, reload every phase (13.0599ms)
✔ archived 4.5.64: guardian-jug: real bonus once, side 0, reload every phase (8.4909ms)
✔ archived 4.5.64: guardian-jug: real bonus once, side 1, reload every phase (8.3318ms)
✔ archived 4.5.64: jill-lockpicks: real bonus once, side 0, reload every phase (15.0486ms)
✔ archived 4.5.64: jill-lockpicks: real bonus once, side 1, reload every phase (15.0338ms)
✔ archived 4.5.64: pod-153: real bonus once, side 0, reload every phase (13.47ms)
✔ archived 4.5.64: pod-153: real bonus once, side 1, reload every phase (12.2242ms)
✔ archived 4.5.64: lunar-tear: real bonus once, side 0, reload every phase (13.2097ms)
✔ archived 4.5.64: lunar-tear: real bonus once, side 1, reload every phase (13.7015ms)
✔ archived 4.5.64: infiltration-box: real bonus once, side 0, reload every phase (13.8213ms)
✔ archived 4.5.64: infiltration-box: real bonus once, side 1, reload every phase (17.1985ms)
✔ archived 4.5.64: metal-gear-mkii: real bonus once, side 0, reload every phase (14.9289ms)
✔ archived 4.5.64: metal-gear-mkii: real bonus once, side 1, reload every phase (13.0958ms)
✔ archived 4.5.64: wolf-medallion: real bonus once, side 0, reload every phase (9.9184ms)
✔ archived 4.5.64: wolf-medallion: real bonus once, side 1, reload every phase (8.452ms)
✔ archived 4.5.64: obsidian-star: real bonus once, side 0, reload every phase (12.0993ms)
✔ archived 4.5.64: obsidian-star: real bonus once, side 1, reload every phase (14.3902ms)
✔ archived 4.5.64: straw-hat: real bonus once, side 0, reload every phase (14.2554ms)
✔ archived 4.5.64: straw-hat: real bonus once, side 1, reload every phase (14.7265ms)
✔ archived 4.5.64: log-pose: real bonus once, side 0, reload every phase (15.7752ms)
✔ archived 4.5.64: log-pose: real bonus once, side 1, reload every phase (14.1303ms)
✔ archived 4.5.64: rumble-ball: real bonus once, side 0, reload every phase (13.3778ms)
✔ archived 4.5.64: rumble-ball: real bonus once, side 1, reload every phase (11.3206ms)
✔ archived 4.5.64: cola-reserve: real bonus once, side 0, reload every phase (13.4256ms)
✔ archived 4.5.64: cola-reserve: real bonus once, side 1, reload every phase (12.4571ms)
✔ archived 4.5.64: little-joys-box: real bonus once, side 0, reload every phase (14.4161ms)
✔ archived 4.5.64: little-joys-box: real bonus once, side 1, reload every phase (14.1967ms)
✔ archived 4.5.64: current-compass: real bonus once, side 0, reload every phase (7.9201ms)
✔ archived 4.5.64: current-compass: real bonus once, side 1, reload every phase (8.0425ms)
✔ archived 4.5.64: last-garden-seed: real bonus once, side 0, reload every phase (12.2392ms)
✔ archived 4.5.64: last-garden-seed: real bonus once, side 1, reload every phase (11.9062ms)
✔ archived 4.5.64: exiled-king-seal: real bonus once, side 0, reload every phase (14.6117ms)
✔ archived 4.5.64: exiled-king-seal: real bonus once, side 1, reload every phase (13.27ms)
✔ archived 4.5.64: lost-names-bell: real bonus once, side 0, reload every phase (12.2884ms)
✔ archived 4.5.64: lost-names-bell: real bonus once, side 1, reload every phase (12.198ms)
✔ archived 4.5.64: ff9-oath-helm: real bonus once, side 0, reload every phase (8.9331ms)
✔ archived 4.5.64: ff9-oath-helm: real bonus once, side 1, reload every phase (8.8338ms)
✔ archived 4.5.64: ff9-vivi-hat: real bonus once, side 0, reload every phase (10.192ms)
✔ archived 4.5.64: ff9-vivi-hat: real bonus once, side 1, reload every phase (7.9019ms)
✔ archived 4.5.64: ff9-burmecia-coat: real bonus once, side 0, reload every phase (15.6051ms)
✔ archived 4.5.64: ff9-burmecia-coat: real bonus once, side 1, reload every phase (14.037ms)
✔ archived 4.5.64: ff9-solitary-wraps: real bonus once, side 0, reload every phase (12.8989ms)
✔ archived 4.5.64: ff9-solitary-wraps: real bonus once, side 1, reload every phase (13.0504ms)
✔ archived 4.5.64: ff9-reunion-bandana: real bonus once, side 0, reload every phase (13.8245ms)
✔ archived 4.5.64: ff9-reunion-bandana: real bonus once, side 1, reload every phase (14.4739ms)
✔ archived 4.5.64: ff9-garnet-pendant: real bonus once, side 0, reload every phase (11.5656ms)
✔ archived 4.5.64: ff9-garnet-pendant: real bonus once, side 1, reload every phase (12.144ms)
✔ archived 4.5.64: ff9-mog-ribbon: real bonus once, side 0, reload every phase (13.5099ms)
✔ archived 4.5.64: ff9-mog-ribbon: real bonus once, side 1, reload every phase (12.4414ms)
✔ archived 4.5.64: ff9-final-act-feather: real bonus once, side 0, reload every phase (9.1445ms)
✔ archived 4.5.64: ff9-final-act-feather: real bonus once, side 1, reload every phase (10.254ms)
✔ archived 4.5.64: ff9-terra-fragment: real bonus once, side 0, reload every phase (13.0744ms)
✔ archived 4.5.64: ff9-terra-fragment: real bonus once, side 1, reload every phase (13.0325ms)
✔ archived 4.5.64: ff9-tantalus-script: real bonus once, side 0, reload every phase (11.7849ms)
✔ archived 4.5.64: ff9-tantalus-script: real bonus once, side 1, reload every phase (11.5107ms)
✔ archived 4.5.64: magic and physical qualification wait for the accepted attack (6.4943ms)
✔ archived 4.5.64: support refresh, special defense consumption and forged save rejection (13.216ms)
✔ invalid declarative rules are rejected without new saves or implicit slots (0.2151ms)
✔ archived 4.5.64: relay and personal protection use the strongest bonus and consume both charges (12.2544ms)
✔ archived 4.5.64: discarded Kalistel attack cannot activate or consume a protection (8.3674ms)
✔ archived 4.5.64: tide-pavise: three complete matches with untouched catalogue cards (588.2387ms)
✔ archived 4.5.64: sentinel-carapace: three complete matches with untouched catalogue cards (733.3289ms)
✔ archived 4.5.64: sap-cuirass: three complete matches with untouched catalogue cards (923.1037ms)
✔ archived 4.5.64: gate-gauntlets: three complete matches with untouched catalogue cards (1270.7851ms)
✔ archived 4.5.64: rhinoz-hauberk: three complete matches with untouched catalogue cards (988.8864ms)
✔ archived 4.5.64: first-thaw-cloak: three complete matches with untouched catalogue cards (739.2052ms)
✔ archived 4.5.64: abyss-plastron: three complete matches with untouched catalogue cards (559.0111ms)
✔ archived 4.5.64: cold-blood-mantle: three complete matches with untouched catalogue cards (825.4062ms)
✔ archived 4.5.64: last-vigil-cuirass: three complete matches with untouched catalogue cards (850.9601ms)
✔ archived 4.5.64: dawn-gorget: three complete matches with untouched catalogue cards (526.2825ms)
✔ archived 4.5.64: last-forge-apron: three complete matches with untouched catalogue cards (812.423ms)
✔ archived 4.5.64: ninth-life-boots: three complete matches with untouched catalogue cards (848.799ms)
✔ archived 4.5.64: octocamo: three complete matches with untouched catalogue cards (784.2682ms)
✔ archived 4.5.64: cyborg-ninja-armor: three complete matches with untouched catalogue cards (1198.4002ms)
✔ archived 4.5.64: zanarkand-pauldron: three complete matches with untouched catalogue cards (933.2353ms)
✔ archived 4.5.64: leon-body-armor: three complete matches with untouched catalogue cards (1104.4534ms)
✔ archived 4.5.64: stars-vest: three complete matches with untouched catalogue cards (675.9036ms)
✔ archived 4.5.64: guardian-red-coat: three complete matches with untouched catalogue cards (1108.2599ms)
✔ archived 4.5.64: scarlet-cape: three complete matches with untouched catalogue cards (810.9635ms)
✔ archived 4.5.64: wolf-school-armor: three complete matches with untouched catalogue cards (771.4489ms)
✔ archived 4.5.64: white-materia: three complete matches with untouched catalogue cards (673.993ms)
✔ archived 4.5.64: griever-pendant: three complete matches with untouched catalogue cards (835.183ms)
✔ archived 4.5.64: zanarkand-abes-pendant: three complete matches with untouched catalogue cards (542.649ms)
✔ archived 4.5.64: guardian-jug: three complete matches with untouched catalogue cards (1104.6445ms)
✔ archived 4.5.64: jill-lockpicks: three complete matches with untouched catalogue cards (524.6293ms)
✔ archived 4.5.64: pod-153: three complete matches with untouched catalogue cards (1031.9191ms)
✔ archived 4.5.64: lunar-tear: three complete matches with untouched catalogue cards (941.6649ms)
✔ archived 4.5.64: infiltration-box: three complete matches with untouched catalogue cards (773.3738ms)
✔ archived 4.5.64: metal-gear-mkii: three complete matches with untouched catalogue cards (445.6251ms)
✔ archived 4.5.64: wolf-medallion: three complete matches with untouched catalogue cards (1147.3764ms)
✔ archived 4.5.64: obsidian-star: three complete matches with untouched catalogue cards (916.1022ms)
✔ archived 4.5.64: straw-hat: three complete matches with untouched catalogue cards (681.8577ms)
✔ archived 4.5.64: log-pose: three complete matches with untouched catalogue cards (1148.7378ms)
✔ archived 4.5.64: rumble-ball: three complete matches with untouched catalogue cards (675.9525ms)
✔ archived 4.5.64: cola-reserve: three complete matches with untouched catalogue cards (839.8415ms)
✔ archived 4.5.64: little-joys-box: three complete matches with untouched catalogue cards (1295.2865ms)
✔ archived 4.5.64: current-compass: three complete matches with untouched catalogue cards (584.0303ms)
✔ archived 4.5.64: last-garden-seed: three complete matches with untouched catalogue cards (824.5266ms)
✔ archived 4.5.64: exiled-king-seal: three complete matches with untouched catalogue cards (850.8165ms)
✔ archived 4.5.64: lost-names-bell: three complete matches with untouched catalogue cards (850.104ms)
✔ archived 4.5.64: ff9-oath-helm: three complete matches with untouched catalogue cards (1136.5897ms)
✔ archived 4.5.64: ff9-vivi-hat: three complete matches with untouched catalogue cards (550.4698ms)
✔ archived 4.5.64: ff9-burmecia-coat: three complete matches with untouched catalogue cards (1172.5356ms)
✔ archived 4.5.64: ff9-solitary-wraps: three complete matches with untouched catalogue cards (1030.819ms)
✔ archived 4.5.64: ff9-reunion-bandana: three complete matches with untouched catalogue cards (918.2355ms)
✔ archived 4.5.64: ff9-garnet-pendant: three complete matches with untouched catalogue cards (1284.3813ms)
✔ archived 4.5.64: ff9-mog-ribbon: three complete matches with untouched catalogue cards (803.531ms)
✔ archived 4.5.64: ff9-final-act-feather: three complete matches with untouched catalogue cards (731.555ms)
✔ archived 4.5.64: ff9-terra-fragment: three complete matches with untouched catalogue cards (863.975ms)
✔ archived 4.5.64: ff9-tantalus-script: three complete matches with untouched catalogue cards (1461.8982ms)
ℹ tests 156
ℹ suites 0
ℹ pass 156
ℹ fail 0
ℹ cancelled 0
ℹ skipped 0
ℹ todo 0
ℹ duration_ms 45143.7461
