✔ 4.6: 18 FFIX items keep families, stable identities and art while migrating to three slots (60.481ms)
✔ 4.6 profile/composition preserve weapon while adding protection, with confirmation scoped per slot (17.5516ms)
✔ archived 4.5.64: ff9-orichalque: every edition, both sides, formula, log and deactivation (15.0065ms)
✔ archived 4.5.64: ff9-magekane: every edition, both sides, formula, log and deactivation (33.9831ms)
✔ archived 4.5.64: ff9-excalibur: every edition, both sides, formula, log and deactivation (9.7064ms)
✔ archived 4.5.64: ff9-save-the-queen: every edition, both sides, formula, log and deactivation (10.8076ms)
✔ archived 4.5.64: ff9-dragonade: every edition, both sides, formula, log and deactivation (9.8777ms)
✔ archived 4.5.64: ff9-runigriffe: every edition, both sides, formula, log and deactivation (9.075ms)
✔ archived 4.5.64: ff9-backstage-hammer: every edition, both sides, formula, log and deactivation (9.6049ms)
✔ archived 4.5.64 Gastrette: defend, side 0 (6.3777ms)
✔ archived 4.5.64 Gastrette: attack, side 0 (6.3181ms)
✔ archived 4.5.64 Gastrette: refresh, side 0 (3.3223ms)
✔ archived 4.5.64 Gastrette: defend, side 1 (6.141ms)
✔ archived 4.5.64 Gastrette: attack, side 1 (6.6409ms)
✔ archived 4.5.64 Gastrette: refresh, side 1 (3.3638ms)
✔ archived 4.5.64: all eight FFIX weapons finish natural matches and reload each step (9631.9481ms)
✔ current D6 and archived charge descriptions distinguish this duel from a later defense (5.6038ms)
ℹ tests 17
ℹ suites 0
ℹ pass 17
ℹ fail 0
ℹ cancelled 0
ℹ skipped 0
ℹ todo 0
ℹ duration_ms 9970.3498
