✔ five pairings retain saved order, captains, native clues and the entire engine snapshot (35.4875ms)
✔ all catalogue identities, collaborations and NONE are data driven (0.4449ms)
✔ missing identities have neutral clues and missing cards fail before mounting (0.528ms)
✔ slower clues and revealed cards share the same reading time with reduced motion (0.1319ms)
✔ Tip Off and the winning captain have explicit readable pauses (0.0848ms)
✔ D6 captains are stat-independent, ties reroll, combat RNG and match metrics stay untouched (39.319ms)
✔ ABBA tracks every resolved action and reload, opener 0 (25.2821ms)
✔ ABBA tracks every resolved action and reload, opener 1 (20.6091ms)
✔ two consecutive actions can kill twice; replacements do not advance the timeline (5.0976ms)
✔ support can lead directly into an allied magic attack in the same double window (3.317ms)
✔ unmarked historical games keep strict alternation and original state identity (8.5504ms)
✔ corrupt initiative, turn, history and premature combat fail closed (5.8203ms)
✔ seeded initiative has reproducible results and balanced faces and openers (43.9515ms)
✔ UI presets nominate their P1 captain explicitly without changing legacy migration or default equipment (9.4705ms)
✔ 250 complete ABBA matches validate every phase, equipment, archive and reload (37787.0042ms)
ℹ tests 15
ℹ suites 0
ℹ pass 15
ℹ fail 0
ℹ cancelled 0
ℹ skipped 0
ℹ todo 0
ℹ duration_ms 38090.4675
