✔ unpublished FF7 arenas stay absent; V3 arena output is unchanged (154.0395ms)
✔ arena availability follows version faction, not a shared NieR character suffix (48.8413ms)
✔ arena availability accepts explicit collaboration without changing a character identity (61.4099ms)
✔ Cloud alone unlocks both arenas with exact FF7 metadata and filtered affinities (46.9069ms)
✔ any published FF7 character unlocks both arenas without requiring Cloud or a home affinity (43.2865ms)
✔ home bonuses stay specific to the seven requested characters, not the whole FF7 set (20.2586ms)
✔ both arenas are playable and restorable with bounded, version-independent bonuses (90.7676ms)
✔ supplemental JSON rejects malformed metadata, paths, affinities and colliding IDs (254.1866ms)
✔ supplemental bonus bounds reject overflow, negatives and non-integers without clamping (122.0045ms)
✔ only the current approved V4 references, without legacy art or provenance paths (55.0182ms)
✔ Voloden requires V4 approval and retains his V3 role, sentry and death face (29.7543ms)
✔ printed V4 fields override V3 metadata and support faces remain valid (27.4905ms)
✔ safe crop matches the approved PNG dimensions, rejects historical sizes (39.0474ms)
✔ default and preset decks use only owned V4 cards and cover P1-P5 twice (25.9214ms)
✔ a deck accepts only one card per character across copies and variants (30.291ms)
✔ publication appended with its new ID and correct URLs, no legacy fallbacks (94.8447ms)
✔ seed is additive and idempotent, Paris gets new originals, Tokyo stays empty (50.084ms)
✔ printed support abilities are retained or explicitly rejected by V3 role constraints (33.8665ms)
✔ V4 storage and deck envelopes reject V3 without touching its keys (46.6806ms)
✔ active match restores unchanged after new catalogue publication (57.2001ms)
✔ unchanged V3 mechanics: deterministic full games agree after identity normalization (94.9256ms)
✔ release contains all published cards and only playable files (219.8872ms)
✔ build paths cannot escape the generated directory (0.6794ms)
✔ Astralia atlas is published as lightweight media, not an authoring source (122.1302ms)
✔ Collection atlas is continuous and does not replace reading surfaces (4.5446ms)
✔ static release versions stylesheet and script URLs together (0.4693ms)
✔ application version matches in desktop and phone headers (1.9254ms)
✔ hosting adapter supports local, project Pages and saved canonical image paths (2.0682ms)
✔ PWA opens the game inside its project-page scope with install icons (190.1768ms)
✔ collaboration follows the version metadata, never the shared character suffix (2.5679ms)
✔ faction media is V4-local while legacy assets retain their routes (0.5547ms)
✔ universe choices expose Replicant only when its versions exist (0.4868ms)
✔ collection groups Kalistar, Final Fantasy and NieR while retaining faction filters (23.3365ms)
✔ statistics filter versions before aggregating a shared character and retain independent totals (2.1303ms)
✔ deck builder keeps shared-character exclusion and separate faction synergies (40.4057ms)
✔ browser boot loads collaboration metadata before all three consumers (0.7418ms)
✔ Metal Gear episodes have independent factions and V4 banner routes (3.1437ms)
✔ Snake versions exclude each other; faction bonus never crosses episodes (44.6966ms)
✔ Metal Gear is visible in the collection without changing shared character identity (19.5811ms)
✔ One Piece has one collaboration, eleven versions and ten characters (3.5721ms)
✔ binder renders one One Piece collection choice and retains one faction option (21.6642ms)
✔ new faction and race routes are local; existing SKULLZ and CERELF routes stay shared (0.9142ms)
✔ all nine RE factions retain their identities and local asset routes (15.6749ms)
✔ one Resident Evil collection choice counts fixture versions dynamically (22.3181ms)
PASS: honours, ties, positive-only thresholds, completed/full history, aggregates, one-decimal averages, filters, ordering and safe Excel CSV.
✔ V4\site\statistics.test.cjs (207.5312ms)
ℹ tests 45
ℹ suites 0
ℹ pass 45
ℹ fail 0
ℹ cancelled 0
ℹ skipped 0
ℹ todo 0
ℹ duration_ms 1003.0577
