✔ 22 approved versions, 19 identities, role limits and existing effects only (10.5125ms)
✔ Three playable decks cover all versions, correct variant identity and five roles (88.4331ms)
✔ Every printed ATK face drives actual combat or its existing support category (244.6234ms)
✔ Every printed DEF face, barrier and dodge survives save/restore (196.6129ms)
✔ 36 full ABBA matches, three decks, both camps and repeated restoration (891.1006ms)
✔ Published native cards, exact selected artwork, no rejected character installed (334.9077ms)
✔ Four additive race assets and the FF9 collection route (2.9141ms)
✔ 25 personalities preserve identity, art, role, positions and all legal face intervals (23.5979ms)
✔ All 150 RE ATK faces apply the printed number or native support/death effect (375.9386ms)
✔ All 150 RE DEF faces, barriers, dodges and retries resolve and restore (201.9863ms)
✔ 50 complete ABBA matches cover every RE profile in both camps (1265.1686ms)
✔ Published RE profiles and images match native proofs with original art intact (134.5452ms)
ℹ tests 12
ℹ suites 0
ℹ pass 12
ℹ fail 0
ℹ cancelled 0
ℹ skipped 0
ℹ todo 0
ℹ duration_ms 2145.1492
