✖ Nine new identities, six scoped revisions and unchanged source images (281.5845ms)
✔ Collection aliases, approved banner and two full playable formations (79.3153ms)
✔ All 90 ATK faces apply numeric attacks, death or the right support category (123.4842ms)
✔ All 90 DEF faces, barriers and dodge survive save and restore (86.6603ms)
✔ 60 complete seeded ABBA matches with all revised and new characters and restoration (1438.6565ms)
✔ Fifteen native proofs preserve frames, PSD rendering, barcodes and revision scope (37.807ms)
✔ Legacy no-crystal matches restore without changing their archived data (13.9744ms)
ℹ tests 7
ℹ suites 0
ℹ pass 6
ℹ fail 1
ℹ cancelled 0
ℹ skipped 0
ℹ todo 0
ℹ duration_ms 2279.0345

✖ failing tests:

test at V4\expansions\2026-10-09-crossover-crystals\integration.test.cjs:20:1
✖ Nine new identities, six scoped revisions and unchanged source images (281.5845ms)
  Error: ENOENT: no such file or directory, open 'C:\Users\guill\Documents\Doc\GP-2 inside\Cartes\Kalistar\paquets-transfert\github-personnel-20260921\paquets-transfert\qa-v4.6.6-staged\V4\propositions\2026-10-07-xmen\Professeur-X-01.png'
      at Object.openSync (node:fs:560:18)
      at Object.readFileSync (node:fs:444:35)
      at digest (C:\Users\guill\Documents\Doc\GP-2 inside\Cartes\Kalistar\paquets-transfert\github-personnel-20260921\paquets-transfert\qa-v4.6.6-staged\V4\expansions\2026-10-09-crossover-crystals\integration.test.cjs:25:57)
      at TestContext.<anonymous> (C:\Users\guill\Documents\Doc\GP-2 inside\Cartes\Kalistar\paquets-transfert\github-personnel-20260921\paquets-transfert\qa-v4.6.6-staged\V4\expansions\2026-10-09-crossover-crystals\integration.test.cjs:26:105)
      at Test.runInAsyncScope (node:async_hooks:228:14)
      at Test.run (node:internal/test_runner/test:1118:25)
      at Test.start (node:internal/test_runner/test:1015:17)
      at startSubtestAfterBootstrap (node:internal/test_runner/harness:358:17) {
    errno: -4058,
    code: 'ENOENT',
    syscall: 'open',
    path: 'C:\\Users\\guill\\Documents\\Doc\\GP-2 inside\\Cartes\\Kalistar\\paquets-transfert\\github-personnel-20260921\\paquets-transfert\\qa-v4.6.6-staged\\V4\\propositions\\2026-10-07-xmen\\Professeur-X-01.png'
  }
