✔ bearer thumbnail occupies the lower-left illustration corner without covering the bonus (1.2613ms)
✔ bearer names use the full right-hand band centered under its text panels (4.186ms)
✔ inspection anchors to drawn card through letterboxing, late crop and live resize (3.0068ms)
✔ normal proportional card geometry is unchanged and deck inspection has no active bonus plate (1.1524ms)
✔ closing, replacing, clearing and navigation disconnect inspection observers and listeners (1.5574ms)
✔ each weapon uses its own painted ring and keeps that skin in enlarged inspection (4.3139ms)
✔ native weapon assets retain approved sources, optical anchor and extracted copper (38.884ms)
✔ Pages includes the complete equipment chain and excludes its authoring proofs (114.8737ms)
✔ unique weapon art fits the native interior and is included without its source PNGs (97.1525ms)
✔ legacy equipment snapshots keep their original art and reject unknown replacement assets (12.0988ms)
✔ stable identity, character/job/family restrictions, one weapon and schema limits (0.4623ms)
✔ generic slot mutation replaces and transfers atomically, with a stale-confirmation guard (0.4794ms)
✔ axe inactive with allies, active as last board combatant despite reserves; base matrix unchanged (8.148ms)
✔ opponent equipment works with identical side-independent rules (3.088ms)
✔ flute luck grants +30 DEF once, survives reload/reroll, expires at duel end (7.6499ms)
✔ flute luck refresh cannot recharge or stack (4.6485ms)
✔ flute mana grants +30 DEF once, survives reload/reroll, expires at duel end (4.5856ms)
✔ flute mana refresh cannot recharge or stack (3.4731ms)
✔ one-duel flute expires on attacking, support, dodge and Mort; special faces never become numeric (10.0142ms)
✔ snapshot decoupled from profile, rejected corrupt states and unchanged legacy games (7.034ms)
✔ complete equipped matches remain valid at every step, including restored turns and match end (1515.4004ms)
ℹ tests 21
ℹ suites 0
ℹ pass 21
ℹ fail 0
ℹ cancelled 0
ℹ skipped 0
ℹ todo 0
ℹ duration_ms 1968.1519
