✔ three-slot defaults are snapshotted once without borrowing other characters or objects (36.7623ms)
✔ legacy flat loadouts migrate by actual category while retaining formation and captain (2.2315ms)
✔ profile migration rejects corrupt versions and extra legacy slots without changing the source (1.4289ms)
✔ weapon, protection and relic coexist; clicked removal cannot erase another slot (1.6872ms)
✔ transfers and replacements are scoped to the clicked category, with one wearer per item (1.9123ms)
✔ stale confirmations reject both target-slot changes and unrelated composition changes (1.5475ms)
✔ stable character and Job compatibility remain enforced rather than display-name matching (1.8614ms)
✔ card edits prune every departed character slot, but reject corrupt equipment before editing (2.2225ms)
✔ schema 1 and schema 2 flat imports migrate durably; exports remain schema 2 (5.3129ms)
✔ schema 2 saves, duplication and returned drafts never share equipment maps (3.771ms)
✔ a match retains its three-slot equipment snapshot after profile and deck edits (23.9363ms)
✔ three-slot detail uses native asymmetrical glyphs, letterboxing and one shared radar epoch (10.2237ms)
✔ default inspection still omits inactive equipment and preserves legacy single-definition position (1.4577ms)
✔ arena inspection keeps inactive weapon and protection, enlarges only their circles and never shows their plates (1.6122ms)
✔ new detail cleanup cancels all three overlays and artwork is the real medallion cutout (9.6291ms)
✔ retained D6 radar shares delay without losing its center during impact and reduced motion remains quiet (4.6153ms)
✔ 4.6 definitions, legacy definitions and three independent stable-identity slots (99.8896ms)
✔ 4.6 catalogue restrictions expose unavailable arms rather than grant an incompatible bonus (4.2342ms)
✔ every compatible weapon applies only on retained numeric D6, with unchanged base matchup (1112.35ms)
✔ every compatible shield applies only on retained numeric D6, with unchanged base matchup (703.6685ms)
✔ discarded Kalistel D6 has no equipment effect; retained and mandatory second D6 do (22.0501ms)
✔ magic ATK6 and barrier DEF6 coexist with their direct equipment arithmetic (6.123ms)
✔ protection contribution remains captured when its wearer dies; ordinary non-D6 Block has none (14.3125ms)
✔ luck recomputes protection 6 -> 5 and restores both attempted formulas (10.637ms)
✔ luck recomputes protection 5 -> 6 and restores both attempted formulas (9.6859ms)
✔ DEF retry replaces an active protection with the final result without leaving a stale bonus (6.4116ms)
✔ all native special D6 faces remain special, never numeric equipment or automatic Block (58.3864ms)
✔ relic support + protection adds only strongest relic, expires gift, keeps separate direct bonus (9.8856ms)
✔ forged direct contribution, die, source, relic contribution and failed-attempt totals are rejected (17.4394ms)
✔ modern snapshot freezes all three slots; legacy match snapshot and old axe trigger stay unchanged (13.7372ms)
✔ initiative and ABBA timeline are identical before any equipment use (3.8997ms)
✔ every one-shot relic trigger still grants, survives reload and attacking, consumes once on defense (929.3437ms)
✔ complete three-slot ABBA matches preserve numeric effects and state through repeated restores (1752.3785ms)
✔ public AI values a D6 weapon at one sixth of its bonus, not as a permanent +30 (4.4055ms)
✔ several actual relic grants choose strongest once, add direct protection, then consume every charge (11.53ms)
✔ Death versus numeric DEF6 does not activate a protection or generate a numeric formula (5.1522ms)
✔ replacing a weapon preserves protection/relic and does not mutate the original profile (0.5009ms)
✔ same-valued DEF faces cannot forge a D6 protection when the recorded die was D5 (6.5429ms)
✔ failed luck attempt cannot borrow the D6 of its later successful reroll (7.8082ms)
✔ legacy unsuitable special shield requests a new DEF die, never zero or a D6 protection bonus (14.7899ms)
✔ failed numeric defense saved by Reraise still reports a used protection, not a Block (6.0869ms)
ℹ tests 41
ℹ suites 0
ℹ pass 41
ℹ fail 0
ℹ cancelled 0
ℹ skipped 0
ℹ todo 0
ℹ duration_ms 5035.5807
