✔ 4.6 has three independent slots, with compatible bearers and unchanged base families (86.9957ms)
✔ archived 4.5.64 shield: first defense only, numeric total and matrix preserved, side 0 (37.0246ms)
✔ archived 4.5.64 shield: first defense only, numeric total and matrix preserved, side 1 (12.8234ms)
✔ archived 4.5.64: targeted support and attacking do not spend the first defense (7.8011ms)
✔ archived 4.5.64: shield special face dodge has no invented numeric bonus (6.7217ms)
✔ archived 4.5.64: shield special face retry has no invented numeric bonus (8.4953ms)
✔ archived 4.5.64 Pod: successful Block, charge survives attack/reload, next defense consumes it once, side 0 (13.5557ms)
✔ archived 4.5.64 Pod: successful Block, charge survives attack/reload, next defense consumes it once, side 1 (11.5651ms)
✔ archived 4.5.64: Pod never activates from a support, death or Reraise (22.3856ms)
✔ archived 4.5.64: snapshot and charge roundtrip; malformed charge history rejected (14.7288ms)
✔ archived 4.5.64: complete matches preserve native faces and reload each step in both categories (2188.8747ms)
✔ equipment media is independently hashed, transparent and natively anchored (173.5792ms)
✔ archived 4.5.64: 31 additions keep identities, restrictions and bounded state effects (95.6354ms)
✔ archived 4.5.64: white-oath-rapier: inactive, active, real formula, log and reload on either side (32.9762ms)
✔ archived 4.5.64: brotherhood: inactive, active, real formula, log and reload on either side (11.4127ms)
✔ archived 4.5.64: virtuous-contract: inactive, active, real formula, log and reload on either side (12.1377ms)
✔ archived 4.5.64: virtuous-treaty: inactive, active, real formula, log and reload on either side (12.0487ms)
✔ archived 4.5.64: socom: inactive, active, real formula, log and reload on either side (11.8743ms)
✔ archived 4.5.64: lulu-mog: inactive, active, real formula, log and reload on either side (11.0966ms)
✔ archived 4.5.64: leopard-lightning: inactive, active, real formula, log and reload on either side (9.9281ms)
✔ archived 4.5.64: mythic-iron-gauntlet: inactive, active, real formula, log and reload on either side (10.518ms)
✔ archived 4.5.64: post-bow: inactive, active, real formula, log and reload on either side (11.0501ms)
✔ archived 4.5.64: grimoire-weiss: inactive, active, real formula, log and reload on either side (16.2028ms)
✔ archived 4.5.64: gen-mechanical-arm: inactive, active, real formula, log and reload on either side (9.3637ms)
✔ archived 4.5.64: violet-reaping: inactive, active, real formula, log and reload on either side (11.2009ms)
✔ archived 4.5.64: mantis-mask: inactive, active, real formula, log and reload on either side (15.2686ms)
✔ archived 4.5.64: revolver-gunblade: inactive, active, real formula, log and reload on either side (12.7315ms)
✔ archived 4.5.64: wolf-steel: inactive, active, real formula, log and reload on either side (16.2375ms)
✔ archived 4.5.64: wolf-silver: inactive, active, real formula, log and reload on either side (10.7169ms)
✔ archived 4.5.64: kaine-saw: inactive, active, real formula, log and reload on either side (10.3102ms)
✔ archived 4.5.64: buster-sword: inactive, active, real formula, log and reload on either side (15.1468ms)
✔ archived 4.5.64: psg1: inactive, active, real formula, log and reload on either side (12.7672ms)
✔ archived 4.5.64: single-action-army: inactive, active, real formula, log and reload on either side (9.7527ms)
✔ archived 4.5.64: wardens-spear: inactive, active, real formula, log and reload on either side (9.0452ms)
✔ archived 4.5.64: soldiers-blade: inactive, active, real formula, log and reload on either side (10.5495ms)
✔ archived 4.5.64: commanders-sabre (earlier bearer snapshot): inactive, active, real formula, log and reload on either side (9.4626ms)
✔ archived 4.5.64: arborium-twinstring-bow: inactive, active, real formula, log and reload on either side (13.8488ms)
✔ archived 4.5.64: arborium-thorn-dagger: inactive, active, real formula, log and reload on either side (10.2126ms)
✔ archived 4.5.64: draevenheim-wing-spear: inactive, active, real formula, log and reload on either side (12.3357ms)
✔ archived 4.5.64: draevenheim-crimson-crossbow (earlier bearer snapshot): inactive, active, real formula, log and reload on either side (9.1131ms)
✔ archived 4.5.64: cryptown-oath-sword: inactive, active, real formula, log and reload on either side (10.846ms)
✔ archived 4.5.64: cryptown-vigil-rifle: inactive, active, real formula, log and reload on either side (10.3998ms)
✔ archived 4.5.64: cryptown-watch-flail: inactive, active, real formula, log and reload on either side (8.7969ms)
✔ archived 4.5.64: rhinoz-ancestral-horn (earlier bearer snapshot): inactive, active, real formula, log and reload on either side (7.3738ms)
✔ archived 4.5.64: team conditions deactivate when formation or reserve recovers (68.9456ms)
✔ archived 4.5.64: Momo gift beats a smaller active DEF weapon without stacking, then expires (5.6092ms)
✔ archived 4.5.64: scythe bonus never converts Voloden printed Mort into numeric damage (4.7439ms)
✔ archived 4.5.64: original arsenal completes real matches and restores every exchange (10412.5606ms)
✔ 4.6 compatible weapon alternatives replace atomically without altering the other slots (0.9539ms)
✔ 4.6 original arsenal keeps metadata and values, with ATK-six weapons and Momo support relic (0.504ms)
✔ all generated assets are versioned, hashed, have alpha and remain inside medallion (461.6869ms)
ℹ tests 51
ℹ suites 0
ℹ pass 51
ℹ fail 0
ℹ cancelled 0
ℹ skipped 0
ℹ todo 0
ℹ duration_ms 11613.5504
