✔ archived 4.5.64: 50 entries retain restrictions; 4.6 separates protection and relic slots (97.0273ms)
✔ archived 4.5.64: tide-pavise: real bonus once, side 0, reload every phase (36.3412ms)
✔ archived 4.5.64: tide-pavise: real bonus once, side 1, reload every phase (16.3939ms)
✔ archived 4.5.64: sentinel-carapace: real bonus once, side 0, reload every phase (22.7867ms)
✔ archived 4.5.64: sentinel-carapace: real bonus once, side 1, reload every phase (25.9326ms)
✔ archived 4.5.64: sap-cuirass: real bonus once, side 0, reload every phase (13.5998ms)
✔ archived 4.5.64: sap-cuirass: real bonus once, side 1, reload every phase (14.3254ms)
✔ archived 4.5.64: gate-gauntlets: real bonus once, side 0, reload every phase (14.7608ms)
✔ archived 4.5.64: gate-gauntlets: real bonus once, side 1, reload every phase (17.5235ms)
✔ archived 4.5.64: rhinoz-hauberk: real bonus once, side 0, reload every phase (14.7648ms)
✔ archived 4.5.64: rhinoz-hauberk: real bonus once, side 1, reload every phase (19.7235ms)
✔ archived 4.5.64: first-thaw-cloak: real bonus once, side 0, reload every phase (16.0563ms)
✔ archived 4.5.64: first-thaw-cloak: real bonus once, side 1, reload every phase (15.7963ms)
✔ archived 4.5.64: abyss-plastron: real bonus once, side 0, reload every phase (14.0996ms)
✔ archived 4.5.64: abyss-plastron: real bonus once, side 1, reload every phase (15.3977ms)
✔ archived 4.5.64: cold-blood-mantle: real bonus once, side 0, reload every phase (21.5145ms)
✔ archived 4.5.64: cold-blood-mantle: real bonus once, side 1, reload every phase (24.1288ms)
✔ archived 4.5.64: last-vigil-cuirass: real bonus once, side 0, reload every phase (16.7892ms)
✔ archived 4.5.64: last-vigil-cuirass: real bonus once, side 1, reload every phase (14.5484ms)
✔ archived 4.5.64: dawn-gorget: real bonus once, side 0, reload every phase (15.8604ms)
✔ archived 4.5.64: dawn-gorget: real bonus once, side 1, reload every phase (15.071ms)
✔ archived 4.5.64: last-forge-apron: real bonus once, side 0, reload every phase (13.4056ms)
✔ archived 4.5.64: last-forge-apron: real bonus once, side 1, reload every phase (13.8712ms)
✔ archived 4.5.64: ninth-life-boots: real bonus once, side 0, reload every phase (21.2679ms)
✔ archived 4.5.64: ninth-life-boots: real bonus once, side 1, reload every phase (19.0268ms)
✔ archived 4.5.64: octocamo: real bonus once, side 0, reload every phase (13.3589ms)
✔ archived 4.5.64: octocamo: real bonus once, side 1, reload every phase (12.8702ms)
✔ archived 4.5.64: cyborg-ninja-armor: real bonus once, side 0, reload every phase (16.6796ms)
✔ archived 4.5.64: cyborg-ninja-armor: real bonus once, side 1, reload every phase (15.2897ms)
✔ archived 4.5.64: zanarkand-pauldron: real bonus once, side 0, reload every phase (18.9469ms)
✔ archived 4.5.64: zanarkand-pauldron: real bonus once, side 1, reload every phase (20.1796ms)
✔ archived 4.5.64: leon-body-armor: real bonus once, side 0, reload every phase (12.651ms)
✔ archived 4.5.64: leon-body-armor: real bonus once, side 1, reload every phase (12.7611ms)
✔ archived 4.5.64: stars-vest: real bonus once, side 0, reload every phase (14.7402ms)
✔ archived 4.5.64: stars-vest: real bonus once, side 1, reload every phase (12.3749ms)
✔ archived 4.5.64: guardian-red-coat: real bonus once, side 0, reload every phase (14.4678ms)
✔ archived 4.5.64: guardian-red-coat: real bonus once, side 1, reload every phase (11.6671ms)
✔ archived 4.5.64: scarlet-cape: real bonus once, side 0, reload every phase (19.8091ms)
✔ archived 4.5.64: scarlet-cape: real bonus once, side 1, reload every phase (17.8003ms)
✔ archived 4.5.64: wolf-school-armor: real bonus once, side 0, reload every phase (13.6722ms)
✔ archived 4.5.64: wolf-school-armor: real bonus once, side 1, reload every phase (11.5505ms)
✔ archived 4.5.64: white-materia: real bonus once, side 0, reload every phase (18.0042ms)
✔ archived 4.5.64: white-materia: real bonus once, side 1, reload every phase (18.7654ms)
✔ archived 4.5.64: griever-pendant: real bonus once, side 0, reload every phase (12.7335ms)
✔ archived 4.5.64: griever-pendant: real bonus once, side 1, reload every phase (12.6565ms)
✔ archived 4.5.64: zanarkand-abes-pendant: real bonus once, side 0, reload every phase (22.3091ms)
✔ archived 4.5.64: zanarkand-abes-pendant: real bonus once, side 1, reload every phase (18.2523ms)
✔ archived 4.5.64: guardian-jug: real bonus once, side 0, reload every phase (12.4448ms)
✔ archived 4.5.64: guardian-jug: real bonus once, side 1, reload every phase (12.7685ms)
✔ archived 4.5.64: jill-lockpicks: real bonus once, side 0, reload every phase (20.7282ms)
✔ archived 4.5.64: jill-lockpicks: real bonus once, side 1, reload every phase (19.7074ms)
✔ archived 4.5.64: pod-153: real bonus once, side 0, reload every phase (19.5298ms)
✔ archived 4.5.64: pod-153: real bonus once, side 1, reload every phase (17.6454ms)
✔ archived 4.5.64: lunar-tear: real bonus once, side 0, reload every phase (18.0882ms)
✔ archived 4.5.64: lunar-tear: real bonus once, side 1, reload every phase (20.1969ms)
✔ archived 4.5.64: infiltration-box: real bonus once, side 0, reload every phase (20.7934ms)
✔ archived 4.5.64: infiltration-box: real bonus once, side 1, reload every phase (20.8589ms)
✔ archived 4.5.64: metal-gear-mkii: real bonus once, side 0, reload every phase (16.5291ms)
✔ archived 4.5.64: metal-gear-mkii: real bonus once, side 1, reload every phase (17.4798ms)
✔ archived 4.5.64: wolf-medallion: real bonus once, side 0, reload every phase (12.3336ms)
✔ archived 4.5.64: wolf-medallion: real bonus once, side 1, reload every phase (12.1224ms)
✔ archived 4.5.64: obsidian-star: real bonus once, side 0, reload every phase (19.3219ms)
✔ archived 4.5.64: obsidian-star: real bonus once, side 1, reload every phase (22.8581ms)
✔ archived 4.5.64: straw-hat: real bonus once, side 0, reload every phase (29.778ms)
✔ archived 4.5.64: straw-hat: real bonus once, side 1, reload every phase (24.2881ms)
✔ archived 4.5.64: log-pose: real bonus once, side 0, reload every phase (19.7785ms)
✔ archived 4.5.64: log-pose: real bonus once, side 1, reload every phase (18.5808ms)
✔ archived 4.5.64: rumble-ball: real bonus once, side 0, reload every phase (18.5179ms)
✔ archived 4.5.64: rumble-ball: real bonus once, side 1, reload every phase (17.7557ms)
✔ archived 4.5.64: cola-reserve: real bonus once, side 0, reload every phase (19.8443ms)
✔ archived 4.5.64: cola-reserve: real bonus once, side 1, reload every phase (18.9674ms)
✔ archived 4.5.64: little-joys-box: real bonus once, side 0, reload every phase (19.1017ms)
✔ archived 4.5.64: little-joys-box: real bonus once, side 1, reload every phase (20.4059ms)
✔ archived 4.5.64: current-compass: real bonus once, side 0, reload every phase (11.6442ms)
✔ archived 4.5.64: current-compass: real bonus once, side 1, reload every phase (11.0196ms)
✔ archived 4.5.64: last-garden-seed: real bonus once, side 0, reload every phase (18.7094ms)
✔ archived 4.5.64: last-garden-seed: real bonus once, side 1, reload every phase (21.1552ms)
✔ archived 4.5.64: exiled-king-seal: real bonus once, side 0, reload every phase (21.3561ms)
✔ archived 4.5.64: exiled-king-seal: real bonus once, side 1, reload every phase (18.235ms)
✔ archived 4.5.64: lost-names-bell: real bonus once, side 0, reload every phase (18.0858ms)
✔ archived 4.5.64: lost-names-bell: real bonus once, side 1, reload every phase (18.9313ms)
✔ archived 4.5.64: ff9-oath-helm: real bonus once, side 0, reload every phase (15.1782ms)
✔ archived 4.5.64: ff9-oath-helm: real bonus once, side 1, reload every phase (13.8919ms)
✔ archived 4.5.64: ff9-vivi-hat: real bonus once, side 0, reload every phase (15.382ms)
✔ archived 4.5.64: ff9-vivi-hat: real bonus once, side 1, reload every phase (13.4432ms)
✔ archived 4.5.64: ff9-burmecia-coat: real bonus once, side 0, reload every phase (19.0714ms)
✔ archived 4.5.64: ff9-burmecia-coat: real bonus once, side 1, reload every phase (18.2919ms)
✔ archived 4.5.64: ff9-solitary-wraps: real bonus once, side 0, reload every phase (20.9089ms)
✔ archived 4.5.64: ff9-solitary-wraps: real bonus once, side 1, reload every phase (19.7533ms)
✔ archived 4.5.64: ff9-reunion-bandana: real bonus once, side 0, reload every phase (29.4384ms)
✔ archived 4.5.64: ff9-reunion-bandana: real bonus once, side 1, reload every phase (20.216ms)
✔ archived 4.5.64: ff9-garnet-pendant: real bonus once, side 0, reload every phase (17.8082ms)
✔ archived 4.5.64: ff9-garnet-pendant: real bonus once, side 1, reload every phase (22.357ms)
✔ archived 4.5.64: ff9-mog-ribbon: real bonus once, side 0, reload every phase (17.9511ms)
✔ archived 4.5.64: ff9-mog-ribbon: real bonus once, side 1, reload every phase (21.3311ms)
✔ archived 4.5.64: ff9-final-act-feather: real bonus once, side 0, reload every phase (13.2234ms)
✔ archived 4.5.64: ff9-final-act-feather: real bonus once, side 1, reload every phase (12.6805ms)
✔ archived 4.5.64: ff9-terra-fragment: real bonus once, side 0, reload every phase (20.7509ms)
✔ archived 4.5.64: ff9-terra-fragment: real bonus once, side 1, reload every phase (19.673ms)
✔ archived 4.5.64: ff9-tantalus-script: real bonus once, side 0, reload every phase (18.4588ms)
✔ archived 4.5.64: ff9-tantalus-script: real bonus once, side 1, reload every phase (19.65ms)
✔ archived 4.5.64: magic and physical qualification wait for the accepted attack (10.0552ms)
✔ archived 4.5.64: support refresh, special defense consumption and forged save rejection (20.9841ms)
✔ invalid declarative rules are rejected without new saves or implicit slots (0.5788ms)
✔ archived 4.5.64: relay and personal protection use the strongest bonus and consume both charges (34.0358ms)
✔ archived 4.5.64: discarded Kalistel attack cannot activate or consume a protection (19.7828ms)
✔ archived 4.5.64: tide-pavise: three complete matches with untouched catalogue cards (907.8627ms)
✔ archived 4.5.64: sentinel-carapace: three complete matches with untouched catalogue cards (1096.6785ms)
✔ archived 4.5.64: sap-cuirass: three complete matches with untouched catalogue cards (881.1635ms)
✔ archived 4.5.64: gate-gauntlets: three complete matches with untouched catalogue cards (936.4622ms)
✔ archived 4.5.64: rhinoz-hauberk: three complete matches with untouched catalogue cards (1292.7072ms)
✔ archived 4.5.64: first-thaw-cloak: three complete matches with untouched catalogue cards (975.0724ms)
✔ archived 4.5.64: abyss-plastron: three complete matches with untouched catalogue cards (722.8916ms)
✔ archived 4.5.64: cold-blood-mantle: three complete matches with untouched catalogue cards (1217.906ms)
✔ archived 4.5.64: last-vigil-cuirass: three complete matches with untouched catalogue cards (1154.337ms)
✔ archived 4.5.64: dawn-gorget: three complete matches with untouched catalogue cards (861.9236ms)
✔ archived 4.5.64: last-forge-apron: three complete matches with untouched catalogue cards (968.9892ms)
✔ archived 4.5.64: ninth-life-boots: three complete matches with untouched catalogue cards (1241.3255ms)
✔ archived 4.5.64: octocamo: three complete matches with untouched catalogue cards (1113.3056ms)
✔ archived 4.5.64: cyborg-ninja-armor: three complete matches with untouched catalogue cards (2030.2964ms)
✔ archived 4.5.64: zanarkand-pauldron: three complete matches with untouched catalogue cards (1593.3896ms)
✔ archived 4.5.64: leon-body-armor: three complete matches with untouched catalogue cards (1909.1361ms)
✔ archived 4.5.64: stars-vest: three complete matches with untouched catalogue cards (1023.0992ms)
✔ archived 4.5.64: guardian-red-coat: three complete matches with untouched catalogue cards (1670.2825ms)
✔ archived 4.5.64: scarlet-cape: three complete matches with untouched catalogue cards (1386.7677ms)
✔ archived 4.5.64: wolf-school-armor: three complete matches with untouched catalogue cards (1242.4418ms)
✔ archived 4.5.64: white-materia: three complete matches with untouched catalogue cards (1040.8319ms)
✔ archived 4.5.64: griever-pendant: three complete matches with untouched catalogue cards (1407.1688ms)
✔ archived 4.5.64: zanarkand-abes-pendant: three complete matches with untouched catalogue cards (844.0788ms)
✔ archived 4.5.64: guardian-jug: three complete matches with untouched catalogue cards (1942.6295ms)
✔ archived 4.5.64: jill-lockpicks: three complete matches with untouched catalogue cards (876.7357ms)
✔ archived 4.5.64: pod-153: three complete matches with untouched catalogue cards (1269.4382ms)
✔ archived 4.5.64: lunar-tear: three complete matches with untouched catalogue cards (1306.2167ms)
✔ archived 4.5.64: infiltration-box: three complete matches with untouched catalogue cards (1218.2515ms)
✔ archived 4.5.64: metal-gear-mkii: three complete matches with untouched catalogue cards (611.7455ms)
✔ archived 4.5.64: wolf-medallion: three complete matches with untouched catalogue cards (1447.2394ms)
✔ archived 4.5.64: obsidian-star: three complete matches with untouched catalogue cards (1293.8815ms)
✔ archived 4.5.64: straw-hat: three complete matches with untouched catalogue cards (974.94ms)
✔ archived 4.5.64: log-pose: three complete matches with untouched catalogue cards (1420.414ms)
✔ archived 4.5.64: rumble-ball: three complete matches with untouched catalogue cards (803.3964ms)
✔ archived 4.5.64: cola-reserve: three complete matches with untouched catalogue cards (1267.0805ms)
✔ archived 4.5.64: little-joys-box: three complete matches with untouched catalogue cards (1446.5635ms)
✔ archived 4.5.64: current-compass: three complete matches with untouched catalogue cards (896.1551ms)
✔ archived 4.5.64: last-garden-seed: three complete matches with untouched catalogue cards (815.7681ms)
✔ archived 4.5.64: exiled-king-seal: three complete matches with untouched catalogue cards (1089.2286ms)
✔ archived 4.5.64: lost-names-bell: three complete matches with untouched catalogue cards (1553.2356ms)
✔ archived 4.5.64: ff9-oath-helm: three complete matches with untouched catalogue cards (1525.3808ms)
✔ archived 4.5.64: ff9-vivi-hat: three complete matches with untouched catalogue cards (885.3394ms)
✔ archived 4.5.64: ff9-burmecia-coat: three complete matches with untouched catalogue cards (1553.3688ms)
✔ archived 4.5.64: ff9-solitary-wraps: three complete matches with untouched catalogue cards (1248.986ms)
✔ archived 4.5.64: ff9-reunion-bandana: three complete matches with untouched catalogue cards (992.0711ms)
✔ archived 4.5.64: ff9-garnet-pendant: three complete matches with untouched catalogue cards (1397.8059ms)
✔ archived 4.5.64: ff9-mog-ribbon: three complete matches with untouched catalogue cards (812.186ms)
✔ archived 4.5.64: ff9-final-act-feather: three complete matches with untouched catalogue cards (861.7502ms)
✔ archived 4.5.64: ff9-terra-fragment: three complete matches with untouched catalogue cards (1170.1603ms)
✔ archived 4.5.64: ff9-tantalus-script: three complete matches with untouched catalogue cards (1229.178ms)
ℹ tests 156
ℹ suites 0
ℹ pass 156
ℹ fail 0
ℹ cancelled 0
ℹ skipped 0
ℹ todo 0
ℹ duration_ms 61573.1251
