✔ 4.6: 18 FFIX items keep families, stable identities and art while migrating to three slots (95.6551ms)
✔ 4.6 profile/composition preserve weapon while adding protection, with confirmation scoped per slot (36.7809ms)
✔ archived 4.5.64: ff9-orichalque: every edition, both sides, formula, log and deactivation (28.7782ms)
✔ archived 4.5.64: ff9-magekane: every edition, both sides, formula, log and deactivation (64.3388ms)
✔ archived 4.5.64: ff9-excalibur: every edition, both sides, formula, log and deactivation (18.511ms)
✔ archived 4.5.64: ff9-save-the-queen: every edition, both sides, formula, log and deactivation (24.7278ms)
✔ archived 4.5.64: ff9-dragonade: every edition, both sides, formula, log and deactivation (20.9256ms)
✔ archived 4.5.64: ff9-runigriffe: every edition, both sides, formula, log and deactivation (20.5434ms)
✔ archived 4.5.64: ff9-backstage-hammer: every edition, both sides, formula, log and deactivation (20.36ms)
✔ archived 4.5.64 Gastrette: defend, side 0 (15.2924ms)
✔ archived 4.5.64 Gastrette: attack, side 0 (9.8626ms)
✔ archived 4.5.64 Gastrette: refresh, side 0 (5.9714ms)
✔ archived 4.5.64 Gastrette: defend, side 1 (12.086ms)
✔ archived 4.5.64 Gastrette: attack, side 1 (13.0086ms)
✔ archived 4.5.64 Gastrette: refresh, side 1 (7.6754ms)
✔ archived 4.5.64: all eight FFIX weapons finish natural matches and reload each step (9324.8946ms)
✔ current D6 and archived charge descriptions distinguish this duel from a later defense (4.2174ms)
ℹ tests 17
ℹ suites 0
ℹ pass 17
ℹ fail 0
ℹ cancelled 0
ℹ skipped 0
ℹ todo 0
ℹ duration_ms 9881.2355
