✔ explicit formation wins over inventory order; both sides start immediately and cannot recall (61.9641ms)
✔ P1/P2 incompatibilities, missing and reserve captain, unknown and incompatible weapons fail closed (4.7426ms)
✔ migration is deterministic, retains all inventory and copies equipment defaults once (2.5573ms)
✔ legacy incomplete and invalid drafts retain every card and remain repairable, never playable (2.4288ms)
✔ schema-2 library migration, clone, export/import and partial drafts preserve formation/captain/equipment (13.3294ms)
✔ storage conflicts remain atomic during writes (3.931ms)
✔ captain links are numeric, side-independent, non-stacking, +40 normal plus +10 maximum (6.2384ms)
✔ captain without a second matching active fighter gives nothing; reserve and corpses never count (4.2252ms)
✔ Reraise keeps commandment, definitive captain death removes it immediately and reserves inherit no crown (13.8454ms)
✔ shared reserve remains position-polymorphic and replacement creates/removes captain connections (8.3155ms)
✔ AI scores include the same commandment terms without reading future rolls (6.8668ms)
✔ equipment is isolated per deck, supports removal, and match snapshots cannot be changed by later edits (10.7031ms)
✔ old setup matches and technical array callers retain historical behavior (16.9091ms)
✔ complete composed matches, captain deaths, equipment states and reloads validate through match end (1310.7229ms)
ℹ tests 14
ℹ suites 0
ℹ pass 14
ℹ fail 0
ℹ cancelled 0
ℹ skipped 0
ℹ todo 0
ℹ duration_ms 1618.5941
