✔ 22 approved versions, 19 identities, role limits and existing effects only (8.9692ms)
✔ Three playable decks cover all versions, correct variant identity and five roles (67.2301ms)
✔ Every printed ATK face drives actual combat or its existing support category (173.7452ms)
✔ Every printed DEF face, barrier and dodge survives save/restore (118.747ms)
✔ 36 full ABBA matches, three decks, both camps and repeated restoration (655.2918ms)
✔ Published native cards, exact selected artwork, no rejected character installed (317.715ms)
✔ Four additive race assets and the FF9 collection route (5.5947ms)
✔ 25 personalities preserve identity, art, role, positions and all legal face intervals (19.1467ms)
✔ All 150 RE ATK faces apply the printed number or native support/death effect (267.1436ms)
✔ All 150 RE DEF faces, barriers, dodges and retries resolve and restore (135.722ms)
✔ 50 complete ABBA matches cover every RE profile in both camps (999.8032ms)
✔ Published RE profiles and images match native proofs with original art intact (320.7156ms)
ℹ tests 12
ℹ suites 0
ℹ pass 12
ℹ fail 0
ℹ cancelled 0
ℹ skipped 0
ℹ todo 0
ℹ duration_ms 1897.023
