✔ bearer thumbnail occupies the lower-left illustration corner without covering the bonus (1.0353ms)
✔ bearer names use the full right-hand band centered under its text panels (3.6361ms)
✔ inspection anchors to drawn card through letterboxing, late crop and live resize (17.2972ms)
✔ normal proportional card geometry is unchanged and deck inspection has no active bonus plate (1.0926ms)
✔ closing, replacing, clearing and navigation disconnect inspection observers and listeners (1.0739ms)
✔ each weapon uses its own painted ring and keeps that skin in enlarged inspection (3.0686ms)
✔ native weapon assets retain approved sources, optical anchor and extracted copper (31.6942ms)
✔ Pages includes the complete equipment chain and excludes its authoring proofs (93.8605ms)
✔ unique weapon art fits the native interior and is included without its source PNGs (69.9615ms)
✔ legacy equipment snapshots keep their original art and reject unknown replacement assets (10.7378ms)
✔ stable identity, character/job/family restrictions, one weapon and schema limits (0.4307ms)
✔ generic slot mutation replaces and transfers atomically, with a stale-confirmation guard (0.3721ms)
✔ axe inactive with allies, active as last board combatant despite reserves; base matrix unchanged (6.3265ms)
✔ opponent equipment works with identical side-independent rules (2.1347ms)
✔ flute luck grants +30 DEF once, survives reload/reroll, expires at duel end (5.2547ms)
✔ flute luck refresh cannot recharge or stack (1.944ms)
✔ flute mana grants +30 DEF once, survives reload/reroll, expires at duel end (3.1318ms)
✔ flute mana refresh cannot recharge or stack (1.7407ms)
✔ one-duel flute expires on attacking, support, dodge and Mort; special faces never become numeric (8.5257ms)
✔ snapshot decoupled from profile, rejected corrupt states and unchanged legacy games (4.7699ms)
✔ complete equipped matches remain valid at every step, including restored turns and match end (1111.1752ms)
ℹ tests 21
ℹ suites 0
ℹ pass 21
ℹ fail 0
ℹ cancelled 0
ℹ skipped 0
ℹ todo 0
ℹ duration_ms 1442.4085
