✔ archived 4.5.64: 50 entries retain restrictions; 4.6 separates protection and relic slots (83.5293ms)
✔ archived 4.5.64: tide-pavise: real bonus once, side 0, reload every phase (33.3936ms)
✔ archived 4.5.64: tide-pavise: real bonus once, side 1, reload every phase (13.412ms)
✔ archived 4.5.64: sentinel-carapace: real bonus once, side 0, reload every phase (20.6363ms)
✔ archived 4.5.64: sentinel-carapace: real bonus once, side 1, reload every phase (21.5705ms)
✔ archived 4.5.64: sap-cuirass: real bonus once, side 0, reload every phase (12.8952ms)
✔ archived 4.5.64: sap-cuirass: real bonus once, side 1, reload every phase (13.8111ms)
✔ archived 4.5.64: gate-gauntlets: real bonus once, side 0, reload every phase (12.0032ms)
✔ archived 4.5.64: gate-gauntlets: real bonus once, side 1, reload every phase (13.6131ms)
✔ archived 4.5.64: rhinoz-hauberk: real bonus once, side 0, reload every phase (11.7271ms)
✔ archived 4.5.64: rhinoz-hauberk: real bonus once, side 1, reload every phase (12.1705ms)
✔ archived 4.5.64: first-thaw-cloak: real bonus once, side 0, reload every phase (12.3215ms)
✔ archived 4.5.64: first-thaw-cloak: real bonus once, side 1, reload every phase (11.7206ms)
✔ archived 4.5.64: abyss-plastron: real bonus once, side 0, reload every phase (12.872ms)
✔ archived 4.5.64: abyss-plastron: real bonus once, side 1, reload every phase (11.4685ms)
✔ archived 4.5.64: cold-blood-mantle: real bonus once, side 0, reload every phase (18.8073ms)
✔ archived 4.5.64: cold-blood-mantle: real bonus once, side 1, reload every phase (17.506ms)
✔ archived 4.5.64: last-vigil-cuirass: real bonus once, side 0, reload every phase (13.2095ms)
✔ archived 4.5.64: last-vigil-cuirass: real bonus once, side 1, reload every phase (10.886ms)
✔ archived 4.5.64: dawn-gorget: real bonus once, side 0, reload every phase (11.126ms)
✔ archived 4.5.64: dawn-gorget: real bonus once, side 1, reload every phase (11.4682ms)
✔ archived 4.5.64: last-forge-apron: real bonus once, side 0, reload every phase (13.0168ms)
✔ archived 4.5.64: last-forge-apron: real bonus once, side 1, reload every phase (10.8389ms)
✔ archived 4.5.64: ninth-life-boots: real bonus once, side 0, reload every phase (16.3058ms)
✔ archived 4.5.64: ninth-life-boots: real bonus once, side 1, reload every phase (16.5071ms)
✔ archived 4.5.64: octocamo: real bonus once, side 0, reload every phase (17.3315ms)
✔ archived 4.5.64: octocamo: real bonus once, side 1, reload every phase (13.3762ms)
✔ archived 4.5.64: cyborg-ninja-armor: real bonus once, side 0, reload every phase (13.0012ms)
✔ archived 4.5.64: cyborg-ninja-armor: real bonus once, side 1, reload every phase (11.0058ms)
✔ archived 4.5.64: zanarkand-pauldron: real bonus once, side 0, reload every phase (18.7568ms)
✔ archived 4.5.64: zanarkand-pauldron: real bonus once, side 1, reload every phase (18.0484ms)
✔ archived 4.5.64: leon-body-armor: real bonus once, side 0, reload every phase (11.0342ms)
✔ archived 4.5.64: leon-body-armor: real bonus once, side 1, reload every phase (11.3415ms)
✔ archived 4.5.64: stars-vest: real bonus once, side 0, reload every phase (11.2369ms)
✔ archived 4.5.64: stars-vest: real bonus once, side 1, reload every phase (12.732ms)
✔ archived 4.5.64: guardian-red-coat: real bonus once, side 0, reload every phase (10.5033ms)
✔ archived 4.5.64: guardian-red-coat: real bonus once, side 1, reload every phase (10.5379ms)
✔ archived 4.5.64: scarlet-cape: real bonus once, side 0, reload every phase (18.1668ms)
✔ archived 4.5.64: scarlet-cape: real bonus once, side 1, reload every phase (15.3593ms)
✔ archived 4.5.64: wolf-school-armor: real bonus once, side 0, reload every phase (10.1565ms)
✔ archived 4.5.64: wolf-school-armor: real bonus once, side 1, reload every phase (11.0219ms)
✔ archived 4.5.64: white-materia: real bonus once, side 0, reload every phase (16.6146ms)
✔ archived 4.5.64: white-materia: real bonus once, side 1, reload every phase (15.332ms)
✔ archived 4.5.64: griever-pendant: real bonus once, side 0, reload every phase (12.526ms)
✔ archived 4.5.64: griever-pendant: real bonus once, side 1, reload every phase (9.6622ms)
✔ archived 4.5.64: zanarkand-abes-pendant: real bonus once, side 0, reload every phase (14.6877ms)
✔ archived 4.5.64: zanarkand-abes-pendant: real bonus once, side 1, reload every phase (15.7644ms)
✔ archived 4.5.64: guardian-jug: real bonus once, side 0, reload every phase (9.7245ms)
✔ archived 4.5.64: guardian-jug: real bonus once, side 1, reload every phase (9.6583ms)
✔ archived 4.5.64: jill-lockpicks: real bonus once, side 0, reload every phase (16.5048ms)
✔ archived 4.5.64: jill-lockpicks: real bonus once, side 1, reload every phase (16.0463ms)
✔ archived 4.5.64: pod-153: real bonus once, side 0, reload every phase (14.7633ms)
✔ archived 4.5.64: pod-153: real bonus once, side 1, reload every phase (15.2103ms)
✔ archived 4.5.64: lunar-tear: real bonus once, side 0, reload every phase (15.3078ms)
✔ archived 4.5.64: lunar-tear: real bonus once, side 1, reload every phase (15.962ms)
✔ archived 4.5.64: infiltration-box: real bonus once, side 0, reload every phase (15.5204ms)
✔ archived 4.5.64: infiltration-box: real bonus once, side 1, reload every phase (16.9646ms)
✔ archived 4.5.64: metal-gear-mkii: real bonus once, side 0, reload every phase (14.7319ms)
✔ archived 4.5.64: metal-gear-mkii: real bonus once, side 1, reload every phase (13.6446ms)
✔ archived 4.5.64: wolf-medallion: real bonus once, side 0, reload every phase (10.9126ms)
✔ archived 4.5.64: wolf-medallion: real bonus once, side 1, reload every phase (9.3842ms)
✔ archived 4.5.64: obsidian-star: real bonus once, side 0, reload every phase (12.7925ms)
✔ archived 4.5.64: obsidian-star: real bonus once, side 1, reload every phase (16.8614ms)
✔ archived 4.5.64: straw-hat: real bonus once, side 0, reload every phase (14.6864ms)
✔ archived 4.5.64: straw-hat: real bonus once, side 1, reload every phase (14.6212ms)
✔ archived 4.5.64: log-pose: real bonus once, side 0, reload every phase (16.9511ms)
✔ archived 4.5.64: log-pose: real bonus once, side 1, reload every phase (15.1153ms)
✔ archived 4.5.64: rumble-ball: real bonus once, side 0, reload every phase (15.7888ms)
✔ archived 4.5.64: rumble-ball: real bonus once, side 1, reload every phase (12.5949ms)
✔ archived 4.5.64: cola-reserve: real bonus once, side 0, reload every phase (14.9286ms)
✔ archived 4.5.64: cola-reserve: real bonus once, side 1, reload every phase (14.7688ms)
✔ archived 4.5.64: little-joys-box: real bonus once, side 0, reload every phase (17.8093ms)
✔ archived 4.5.64: little-joys-box: real bonus once, side 1, reload every phase (18.283ms)
✔ archived 4.5.64: current-compass: real bonus once, side 0, reload every phase (9.4317ms)
✔ archived 4.5.64: current-compass: real bonus once, side 1, reload every phase (9.1062ms)
✔ archived 4.5.64: last-garden-seed: real bonus once, side 0, reload every phase (13.0856ms)
✔ archived 4.5.64: last-garden-seed: real bonus once, side 1, reload every phase (15.0601ms)
✔ archived 4.5.64: exiled-king-seal: real bonus once, side 0, reload every phase (15.589ms)
✔ archived 4.5.64: exiled-king-seal: real bonus once, side 1, reload every phase (17.1177ms)
✔ archived 4.5.64: lost-names-bell: real bonus once, side 0, reload every phase (14.4199ms)
✔ archived 4.5.64: lost-names-bell: real bonus once, side 1, reload every phase (12.4911ms)
✔ archived 4.5.64: ff9-oath-helm: real bonus once, side 0, reload every phase (8.717ms)
✔ archived 4.5.64: ff9-oath-helm: real bonus once, side 1, reload every phase (8.9033ms)
✔ archived 4.5.64: ff9-vivi-hat: real bonus once, side 0, reload every phase (9.0435ms)
✔ archived 4.5.64: ff9-vivi-hat: real bonus once, side 1, reload every phase (11.0282ms)
✔ archived 4.5.64: ff9-burmecia-coat: real bonus once, side 0, reload every phase (13.3953ms)
✔ archived 4.5.64: ff9-burmecia-coat: real bonus once, side 1, reload every phase (13.1099ms)
✔ archived 4.5.64: ff9-solitary-wraps: real bonus once, side 0, reload every phase (14.5228ms)
✔ archived 4.5.64: ff9-solitary-wraps: real bonus once, side 1, reload every phase (13.4469ms)
✔ archived 4.5.64: ff9-reunion-bandana: real bonus once, side 0, reload every phase (16.3895ms)
✔ archived 4.5.64: ff9-reunion-bandana: real bonus once, side 1, reload every phase (13.8054ms)
✔ archived 4.5.64: ff9-garnet-pendant: real bonus once, side 0, reload every phase (12.5254ms)
✔ archived 4.5.64: ff9-garnet-pendant: real bonus once, side 1, reload every phase (12.1099ms)
✔ archived 4.5.64: ff9-mog-ribbon: real bonus once, side 0, reload every phase (12.678ms)
✔ archived 4.5.64: ff9-mog-ribbon: real bonus once, side 1, reload every phase (12.7872ms)
✔ archived 4.5.64: ff9-final-act-feather: real bonus once, side 0, reload every phase (10.6004ms)
✔ archived 4.5.64: ff9-final-act-feather: real bonus once, side 1, reload every phase (8.9253ms)
✔ archived 4.5.64: ff9-terra-fragment: real bonus once, side 0, reload every phase (14.6005ms)
✔ archived 4.5.64: ff9-terra-fragment: real bonus once, side 1, reload every phase (13.9245ms)
✔ archived 4.5.64: ff9-tantalus-script: real bonus once, side 0, reload every phase (12.9921ms)
✔ archived 4.5.64: ff9-tantalus-script: real bonus once, side 1, reload every phase (14.2963ms)
✔ archived 4.5.64: magic and physical qualification wait for the accepted attack (7.0324ms)
✔ archived 4.5.64: support refresh, special defense consumption and forged save rejection (13.2993ms)
✔ invalid declarative rules are rejected without new saves or implicit slots (0.2907ms)
✔ archived 4.5.64: relay and personal protection use the strongest bonus and consume both charges (13.438ms)
✔ archived 4.5.64: discarded Kalistel attack cannot activate or consume a protection (8.781ms)
✔ archived 4.5.64: tide-pavise: three complete matches with untouched catalogue cards (640.2353ms)
✔ archived 4.5.64: sentinel-carapace: three complete matches with untouched catalogue cards (869.5747ms)
✔ archived 4.5.64: sap-cuirass: three complete matches with untouched catalogue cards (792.5031ms)
✔ archived 4.5.64: gate-gauntlets: three complete matches with untouched catalogue cards (849.2974ms)
✔ archived 4.5.64: rhinoz-hauberk: three complete matches with untouched catalogue cards (1011.8986ms)
✔ archived 4.5.64: first-thaw-cloak: three complete matches with untouched catalogue cards (1225.9938ms)
✔ archived 4.5.64: abyss-plastron: three complete matches with untouched catalogue cards (1331.586ms)
✔ archived 4.5.64: cold-blood-mantle: three complete matches with untouched catalogue cards (1931.9982ms)
✔ archived 4.5.64: last-vigil-cuirass: three complete matches with untouched catalogue cards (1092.0502ms)
✔ archived 4.5.64: dawn-gorget: three complete matches with untouched catalogue cards (740.206ms)
✔ archived 4.5.64: last-forge-apron: three complete matches with untouched catalogue cards (893.9195ms)
✔ archived 4.5.64: ninth-life-boots: three complete matches with untouched catalogue cards (1007.557ms)
✔ archived 4.5.64: octocamo: three complete matches with untouched catalogue cards (995.6031ms)
✔ archived 4.5.64: cyborg-ninja-armor: three complete matches with untouched catalogue cards (1421.5237ms)
✔ archived 4.5.64: zanarkand-pauldron: three complete matches with untouched catalogue cards (1262.1687ms)
✔ archived 4.5.64: leon-body-armor: three complete matches with untouched catalogue cards (1685.4951ms)
✔ archived 4.5.64: stars-vest: three complete matches with untouched catalogue cards (1216.5549ms)
✔ archived 4.5.64: guardian-red-coat: three complete matches with untouched catalogue cards (1877.4827ms)
✔ archived 4.5.64: scarlet-cape: three complete matches with untouched catalogue cards (1067.2104ms)
✔ archived 4.5.64: wolf-school-armor: three complete matches with untouched catalogue cards (1115.4649ms)
✔ archived 4.5.64: white-materia: three complete matches with untouched catalogue cards (827.5047ms)
✔ archived 4.5.64: griever-pendant: three complete matches with untouched catalogue cards (1115.7405ms)
✔ archived 4.5.64: zanarkand-abes-pendant: three complete matches with untouched catalogue cards (661.3618ms)
✔ archived 4.5.64: guardian-jug: three complete matches with untouched catalogue cards (1256.3532ms)
✔ archived 4.5.64: jill-lockpicks: three complete matches with untouched catalogue cards (643.7573ms)
✔ archived 4.5.64: pod-153: three complete matches with untouched catalogue cards (1289.9476ms)
✔ archived 4.5.64: lunar-tear: three complete matches with untouched catalogue cards (1432.9513ms)
✔ archived 4.5.64: infiltration-box: three complete matches with untouched catalogue cards (825.2295ms)
✔ archived 4.5.64: metal-gear-mkii: three complete matches with untouched catalogue cards (464.9138ms)
✔ archived 4.5.64: wolf-medallion: three complete matches with untouched catalogue cards (1228.0221ms)
✔ archived 4.5.64: obsidian-star: three complete matches with untouched catalogue cards (957.6221ms)
✔ archived 4.5.64: straw-hat: three complete matches with untouched catalogue cards (829.4585ms)
✔ archived 4.5.64: log-pose: three complete matches with untouched catalogue cards (1159.6285ms)
✔ archived 4.5.64: rumble-ball: three complete matches with untouched catalogue cards (895.0684ms)
✔ archived 4.5.64: cola-reserve: three complete matches with untouched catalogue cards (1199.5038ms)
✔ archived 4.5.64: little-joys-box: three complete matches with untouched catalogue cards (2581.0962ms)
✔ archived 4.5.64: current-compass: three complete matches with untouched catalogue cards (1706.3424ms)
✔ archived 4.5.64: last-garden-seed: three complete matches with untouched catalogue cards (1329.0265ms)
✔ archived 4.5.64: exiled-king-seal: three complete matches with untouched catalogue cards (1803.4835ms)
✔ archived 4.5.64: lost-names-bell: three complete matches with untouched catalogue cards (1745.7092ms)
✔ archived 4.5.64: ff9-oath-helm: three complete matches with untouched catalogue cards (1752.1977ms)
✔ archived 4.5.64: ff9-vivi-hat: three complete matches with untouched catalogue cards (919.203ms)
✔ archived 4.5.64: ff9-burmecia-coat: three complete matches with untouched catalogue cards (2438.8316ms)
✔ archived 4.5.64: ff9-solitary-wraps: three complete matches with untouched catalogue cards (1571.4475ms)
✔ archived 4.5.64: ff9-reunion-bandana: three complete matches with untouched catalogue cards (1424.9315ms)
✔ archived 4.5.64: ff9-garnet-pendant: three complete matches with untouched catalogue cards (2370.298ms)
✔ archived 4.5.64: ff9-mog-ribbon: three complete matches with untouched catalogue cards (1641.9568ms)
✔ archived 4.5.64: ff9-final-act-feather: three complete matches with untouched catalogue cards (1420.3511ms)
✔ archived 4.5.64: ff9-terra-fragment: three complete matches with untouched catalogue cards (974.8703ms)
✔ archived 4.5.64: ff9-tantalus-script: three complete matches with untouched catalogue cards (1241.1326ms)
ℹ tests 156
ℹ suites 0
ℹ pass 156
ℹ fail 0
ℹ cancelled 0
ℹ skipped 0
ℹ todo 0
ℹ duration_ms 64433.546
