✔ explicit formation wins over inventory order; both sides start immediately and cannot recall (46.0662ms)
✔ P1/P2 incompatibilities, missing and reserve captain, unknown and incompatible weapons fail closed (3.9118ms)
✔ migration is deterministic, retains all inventory and copies equipment defaults once (1.3216ms)
✔ legacy incomplete and invalid drafts retain every card and remain repairable, never playable (1.2932ms)
✔ schema-2 library migration, clone, export/import and partial drafts preserve formation/captain/equipment (7.2154ms)
✔ storage conflicts remain atomic during writes (2.579ms)
✔ captain links are numeric, side-independent, non-stacking, +40 normal plus +10 maximum (5.0737ms)
✔ captain without a second matching active fighter gives nothing; reserve and corpses never count (2.3833ms)
✔ Reraise keeps commandment, definitive captain death removes it immediately and reserves inherit no crown (6.9036ms)
✔ shared reserve remains position-polymorphic and replacement creates/removes captain connections (7.097ms)
✔ AI scores include the same commandment terms without reading future rolls (3.4243ms)
✔ equipment is isolated per deck, supports removal, and match snapshots cannot be changed by later edits (6.6983ms)
✔ old setup matches and technical array callers retain historical behavior (10.1568ms)
✔ complete composed matches, captain deaths, equipment states and reloads validate through match end (1012.2092ms)
ℹ tests 14
ℹ suites 0
ℹ pass 14
ℹ fail 0
ℹ cancelled 0
ℹ skipped 0
ℹ todo 0
ℹ duration_ms 1222.674
