✔ five pairings retain saved order, captains, native clues and the entire engine snapshot (47.7066ms)
✔ all catalogue identities, collaborations and NONE are data driven (0.6529ms)
✔ missing identities have neutral clues and missing cards fail before mounting (0.8041ms)
✔ slower clues and revealed cards share the same reading time with reduced motion (0.1681ms)
✔ Tip Off and the winning captain have explicit readable pauses (0.1202ms)
✔ D6 captains are stat-independent, ties reroll, combat RNG and match metrics stay untouched (53.8213ms)
✔ ABBA tracks every resolved action and reload, opener 0 (38.7031ms)
✔ ABBA tracks every resolved action and reload, opener 1 (28.0957ms)
✔ two consecutive actions can kill twice; replacements do not advance the timeline (6.4638ms)
✔ support can lead directly into an allied magic attack in the same double window (4.9539ms)
✔ unmarked historical games keep strict alternation and original state identity (13.0935ms)
✔ corrupt initiative, turn, history and premature combat fail closed (6.77ms)
✔ seeded initiative has reproducible results and balanced faces and openers (51.5885ms)
✔ UI presets nominate their P1 captain explicitly without changing legacy migration or default equipment (11.6124ms)
✔ 250 complete ABBA matches validate every phase, equipment, archive and reload (42561.1257ms)
ℹ tests 15
ℹ suites 0
ℹ pass 15
ℹ fail 0
ℹ cancelled 0
ℹ skipped 0
ℹ todo 0
ℹ duration_ms 42901.952
